<html>
<body>
<pre>
<h1>µVision Build Log</h1>
<h2>Tool Versions:</h2>
IDE-Version: ¦ÌVision V5.43.1.0
Copyright (C) 2025 ARM Ltd and ARM Germany GmbH. All rights reserved.
License Information: 1 1526302178@qq.com, 1, LIC=NQQMA-1TZIE-30MNC-7NGL6-F78GJ-K8R6J
 
Tool Versions:
Toolchain:       MDK-ARM Plus  Version: 5.43.0.0
Toolchain Path:  D:\Download\Microsoft Edge\keil5\51\ARM\ARMCLANG\Bin
C Compiler:      ArmClang.exe V6.24
Assembler:       Armasm.exe V6.24
Linker/Locator:  ArmLink.exe V6.24
Library Manager: ArmAr.exe V6.24
Hex Converter:   FromElf.exe V6.24
CPU DLL:         SARMCM3.DLL V5.43.0.0
Dialog DLL:      DCM.DLL V1.17.5.0
Target DLL:      STLink\ST-LINKIII-KEIL_SWO.dll V3.3.1.0
Dialog DLL:      TCM.DLL V1.56.6.0
 
<h2>Project:</h2>
D:\study\competition\26GKCompetition\f407zet6\2026GK\MDK-ARM\F407car.uvprojx
Project File Date:  09/22/2026

<h2>Output:</h2>
*** Using Compiler 'V6.24', folder: 'D:\Download\Microsoft Edge\keil5\51\ARM\ARMCLANG\Bin'
Rebuild target 'F407car'
assembling startup_stm32f407xx.s...
compiling can.c...
compiling i2c.c...
compiling stm32f4xx_hal_msp.c...
compiling gpio.c...
compiling usart.c...
compiling spi.c...
compiling main.c...
compiling adc.c...
compiling stm32f4xx_it.c...
compiling stm32f4xx_hal_rcc_ex.c...
compiling stm32f4xx_hal_rcc.c...
compiling stm32f4xx_hal_adc.c...
compiling tim.c...
compiling stm32f4xx_hal_adc_ex.c...
compiling stm32f4xx_hal_flash.c...
compiling stm32f4xx_hal_flash_ramfunc.c...
compiling stm32f4xx_hal_pwr.c...
compiling stm32f4xx_hal_flash_ex.c...
compiling stm32f4xx_hal_gpio.c...
compiling stm32f4xx_hal_dma_ex.c...
compiling stm32f4xx_hal_pwr_ex.c...
compiling stm32f4xx_hal_dma.c...
compiling stm32f4xx_hal_cortex.c...
compiling stm32f4xx_hal.c...
compiling stm32f4xx_hal_exti.c...
compiling stm32f4xx_hal_i2c_ex.c...
compiling stm32f4xx_hal_can.c...
compiling OLED_Data.c...
compiling system_stm32f4xx.c...
compiling led.c...
compiling receive.c...
compiling stm32f4xx_hal_tim_ex.c...
compiling oled_ui.c...
compiling stm32f4xx_hal_spi.c...
compiling SMS_STS.c...
compiling PID.c...
compiling SCServo.c...
compiling SCS.c...
compiling uart.c...
compiling stm32f4xx_hal_uart.c...
compiling stm32f4xx_hal_i2c.c...
compiling stm32f4xx_hal_tim.c...
compiling OLED.c...
linking...
Program Size: Code=24964 RO-data=2800 RW-data=24 ZI-data=4688  
FromELF: creating hex file...
"F407car\F407car.axf" - 0 Error(s), 0 Warning(s).

<h2>Software Packages used:</h2>

Package Vendor: ARM
                https://www.keil.com/pack/ARM.CMSIS.6.3.0.pack
                ARM::CMSIS@6.3.0
                CMSIS (Common Microcontroller Software Interface Standard)
   * Component: CORE Version: 6.2.0

Package Vendor: Keil
                https://www.keil.com/pack/Keil.STM32F4xx_DFP.3.1.1.pack
                Keil::STM32F4xx_DFP@3.1.1
                STMicroelectronics STM32F4 Series Device Support

<h2>Collection of Component include folders:</h2>
  ./RTE/_F407car
  C:/Users/15263/AppData/Local/Arm/Packs/ARM/CMSIS/6.3.0/CMSIS/Core/Include

<h2>Collection of Component Files used:</h2>

   * Component: ARM::CMSIS:CORE@6.2.0
      Include file:  CMSIS/Core/Include/tz_context.h
Build Time Elapsed:  00:00:05
</pre>
</body>
</html>
