Component: Arm Compiler for Embedded 6.24 Tool: armlink [5f371500]

==============================================================================

Section Cross References

    startup_stm32f407xx.o(STACK) refers (Special) to heapauxi.o(.text) for __use_two_region_memory
    startup_stm32f407xx.o(HEAP) refers (Special) to heapauxi.o(.text) for __use_two_region_memory
    startup_stm32f407xx.o(RESET) refers (Special) to heapauxi.o(.text) for __use_two_region_memory
    startup_stm32f407xx.o(RESET) refers to startup_stm32f407xx.o(STACK) for __initial_sp
    startup_stm32f407xx.o(RESET) refers to startup_stm32f407xx.o(.text) for Reset_Handler
    startup_stm32f407xx.o(RESET) refers to stm32f4xx_it.o(.text.NMI_Handler) for NMI_Handler
    startup_stm32f407xx.o(RESET) refers to stm32f4xx_it.o(.text.HardFault_Handler) for HardFault_Handler
    startup_stm32f407xx.o(RESET) refers to stm32f4xx_it.o(.text.MemManage_Handler) for MemManage_Handler
    startup_stm32f407xx.o(RESET) refers to stm32f4xx_it.o(.text.BusFault_Handler) for BusFault_Handler
    startup_stm32f407xx.o(RESET) refers to stm32f4xx_it.o(.text.UsageFault_Handler) for UsageFault_Handler
    startup_stm32f407xx.o(RESET) refers to stm32f4xx_it.o(.text.SVC_Handler) for SVC_Handler
    startup_stm32f407xx.o(RESET) refers to stm32f4xx_it.o(.text.DebugMon_Handler) for DebugMon_Handler
    startup_stm32f407xx.o(RESET) refers to stm32f4xx_it.o(.text.PendSV_Handler) for PendSV_Handler
    startup_stm32f407xx.o(RESET) refers to stm32f4xx_it.o(.text.SysTick_Handler) for SysTick_Handler
    startup_stm32f407xx.o(RESET) refers to stm32f4xx_it.o(.text.USART2_IRQHandler) for USART2_IRQHandler
    startup_stm32f407xx.o(RESET) refers to stm32f4xx_it.o(.text.UART4_IRQHandler) for UART4_IRQHandler
    startup_stm32f407xx.o(RESET) refers to stm32f4xx_it.o(.text.TIM6_DAC_IRQHandler) for TIM6_DAC_IRQHandler
    startup_stm32f407xx.o(.text) refers (Special) to heapauxi.o(.text) for __use_two_region_memory
    startup_stm32f407xx.o(.text) refers to system_stm32f4xx.o(.text.SystemInit) for SystemInit
    startup_stm32f407xx.o(.text) refers to __main.o(!!!main) for __main
    startup_stm32f407xx.o(.text) refers to startup_stm32f407xx.o(HEAP) for Heap_Mem
    startup_stm32f407xx.o(.text) refers to startup_stm32f407xx.o(STACK) for Stack_Mem
    main.o(.text.main) refers to stm32f4xx_hal.o(.text.HAL_Init) for HAL_Init
    main.o(.text.main) refers to main.o(.text.SystemClock_Config) for SystemClock_Config
    main.o(.text.main) refers to gpio.o(.text.MX_GPIO_Init) for MX_GPIO_Init
    main.o(.text.main) refers to i2c.o(.text.MX_I2C1_Init) for MX_I2C1_Init
    main.o(.text.main) refers to i2c.o(.text.MX_I2C3_Init) for MX_I2C3_Init
    main.o(.text.main) refers to usart.o(.text.MX_UART4_Init) for MX_UART4_Init
    main.o(.text.main) refers to usart.o(.text.MX_UART5_Init) for MX_UART5_Init
    main.o(.text.main) refers to usart.o(.text.MX_USART1_UART_Init) for MX_USART1_UART_Init
    main.o(.text.main) refers to usart.o(.text.MX_USART2_UART_Init) for MX_USART2_UART_Init
    main.o(.text.main) refers to usart.o(.text.MX_USART3_UART_Init) for MX_USART3_UART_Init
    main.o(.text.main) refers to usart.o(.text.MX_USART6_UART_Init) for MX_USART6_UART_Init
    main.o(.text.main) refers to can.o(.text.MX_CAN1_Init) for MX_CAN1_Init
    main.o(.text.main) refers to can.o(.text.MX_CAN2_Init) for MX_CAN2_Init
    main.o(.text.main) refers to tim.o(.text.MX_TIM1_Init) for MX_TIM1_Init
    main.o(.text.main) refers to tim.o(.text.MX_TIM2_Init) for MX_TIM2_Init
    main.o(.text.main) refers to tim.o(.text.MX_TIM3_Init) for MX_TIM3_Init
    main.o(.text.main) refers to tim.o(.text.MX_TIM4_Init) for MX_TIM4_Init
    main.o(.text.main) refers to tim.o(.text.MX_TIM6_Init) for MX_TIM6_Init
    main.o(.text.main) refers to tim.o(.text.MX_TIM8_Init) for MX_TIM8_Init
    main.o(.text.main) refers to tim.o(.text.MX_TIM9_Init) for MX_TIM9_Init
    main.o(.text.main) refers to tim.o(.text.MX_TIM10_Init) for MX_TIM10_Init
    main.o(.text.main) refers to tim.o(.text.MX_TIM11_Init) for MX_TIM11_Init
    main.o(.text.main) refers to tim.o(.text.MX_TIM12_Init) for MX_TIM12_Init
    main.o(.text.main) refers to spi.o(.text.MX_SPI2_Init) for MX_SPI2_Init
    main.o(.text.main) refers to adc.o(.text.MX_ADC1_Init) for MX_ADC1_Init
    main.o(.text.main) refers to adc.o(.text.MX_ADC2_Init) for MX_ADC2_Init
    main.o(.text.main) refers to stm32f4xx_hal.o(.text.HAL_Delay) for HAL_Delay
    main.o(.text.main) refers to receive.o(.text.Vision_UART_Init) for Vision_UART_Init
    main.o(.text.main) refers to pid.o(.text.Servo_PID_Init) for Servo_PID_Init
    main.o(.text.main) refers to oled.o(.text.OLED_Init) for OLED_Init
    main.o(.text.main) refers to oled.o(.text.OLED_ShowString) for OLED_ShowString
    main.o(.text.main) refers to oled.o(.text.OLED_Update) for OLED_Update
    main.o(.text.main) refers to receive.o(.bss..L_MergedGlobals) for vision_data
[...]
    [Anonymous Symbol]                       0x08000e8c   Section        0  stm32f4xx_hal_i2c.o(.text.HAL_I2C_Mem_Write)
    [Anonymous Symbol]                       0x08000fe8   Section        0  i2c.o(.text.HAL_I2C_MspInit)
    [Anonymous Symbol]                       0x080010f8   Section        0  stm32f4xx_hal.o(.text.HAL_IncTick)
    [Anonymous Symbol]                       0x08001114   Section        0  stm32f4xx_hal.o(.text.HAL_Init)
    [Anonymous Symbol]                       0x0800114c   Section        0  stm32f4xx_hal.o(.text.HAL_InitTick)
    [Anonymous Symbol]                       0x08001194   Section        0  stm32f4xx_hal_msp.o(.text.HAL_MspInit)
    [Anonymous Symbol]                       0x080011cc   Section        0  stm32f4xx_hal_cortex.o(.text.HAL_NVIC_EnableIRQ)
    [Anonymous Symbol]                       0x080011f0   Section        0  stm32f4xx_hal_cortex.o(.text.HAL_NVIC_SetPriority)
    [Anonymous Symbol]                       0x08001248   Section        0  stm32f4xx_hal_cortex.o(.text.HAL_NVIC_SetPriorityGrouping)
    [Anonymous Symbol]                       0x08001268   Section        0  stm32f4xx_hal_rcc.o(.text.HAL_RCC_ClockConfig)
    [Anonymous Symbol]                       0x080013cc   Section        0  stm32f4xx_hal_rcc.o(.text.HAL_RCC_GetPCLK1Freq)
    [Anonymous Symbol]                       0x080013f4   Section        0  stm32f4xx_hal_rcc.o(.text.HAL_RCC_GetPCLK2Freq)
    [Anonymous Symbol]                       0x0800141c   Section        0  stm32f4xx_hal_rcc.o(.text.HAL_RCC_GetSysClockFreq)
    [Anonymous Symbol]                       0x0800148c   Section        0  stm32f4xx_hal_rcc.o(.text.HAL_RCC_OscConfig)
    [Anonymous Symbol]                       0x08001838   Section        0  stm32f4xx_hal_spi.o(.text.HAL_SPI_Init)
    [Anonymous Symbol]                       0x080018e8   Section        0  spi.o(.text.HAL_SPI_MspInit)
    [Anonymous Symbol]                       0x08001998   Section        0  stm32f4xx_hal_cortex.o(.text.HAL_SYSTICK_Config)
    [Anonymous Symbol]                       0x080019c4   Section        0  stm32f4xx_hal_tim_ex.o(.text.HAL_TIMEx_BreakCallback)
    [Anonymous Symbol]                       0x080019c8   Section        0  stm32f4xx_hal_tim_ex.o(.text.HAL_TIMEx_CommutCallback)
    [Anonymous Symbol]                       0x080019cc   Section        0  stm32f4xx_hal_tim_ex.o(.text.HAL_TIMEx_ConfigBreakDeadTime)
    [Anonymous Symbol]                       0x08001a18   Section        0  stm32f4xx_hal_tim_ex.o(.text.HAL_TIMEx_MasterConfigSynchronization)
    [Anonymous Symbol]                       0x08001ad4   Section        0  stm32f4xx_hal_tim.o(.text.HAL_TIM_Base_Init)
    [Anonymous Symbol]                       0x08001b30   Section        0  tim.o(.text.HAL_TIM_Base_MspInit)
    [Anonymous Symbol]                       0x08001c3c   Section        0  stm32f4xx_hal_tim.o(.text.HAL_TIM_ConfigClockSource)
    [Anonymous Symbol]                       0x08001ddc   Section        0  stm32f4xx_hal_tim.o(.text.HAL_TIM_Encoder_Init)
    [Anonymous Symbol]                       0x08001e90   Section        0  tim.o(.text.HAL_TIM_Encoder_MspInit)
    [Anonymous Symbol]                       0x08001fec   Section        0  stm32f4xx_hal_tim.o(.text.HAL_TIM_IC_CaptureCallback)
    [Anonymous Symbol]                       0x08001ff0   Section        0  stm32f4xx_hal_tim.o(.text.HAL_TIM_IC_ConfigChannel)
    [Anonymous Symbol]                       0x080021b8   Section        0  stm32f4xx_hal_tim.o(.text.HAL_TIM_IC_Init)
    [Anonymous Symbol]                       0x08002214   Section        0  tim.o(.text.HAL_TIM_IC_MspInit)
    [Anonymous Symbol]                       0x08002288   Section        0  stm32f4xx_hal_tim.o(.text.HAL_TIM_IRQHandler)
    [Anonymous Symbol]                       0x080023d8   Section        0  tim.o(.text.HAL_TIM_MspPostInit)
    [Anonymous Symbol]                       0x080024d4   Section        0  stm32f4xx_hal_tim.o(.text.HAL_TIM_OC_ConfigChannel)
    [Anonymous Symbol]                       0x08002688   Section        0  stm32f4xx_hal_tim.o(.text.HAL_TIM_OC_DelayElapsedCallback)
    [Anonymous Symbol]                       0x0800268c   Section        0  stm32f4xx_hal_tim.o(.text.HAL_TIM_OC_Init)
    [Anonymous Symbol]                       0x080026e8   Section        0  stm32f4xx_hal_tim.o(.text.HAL_TIM_OC_MspInit)
    [Anonymous Symbol]                       0x080026ec   Section        0  stm32f4xx_hal_tim.o(.text.HAL_TIM_PWM_ConfigChannel)
    [Anonymous Symbol]                       0x0800290c   Section        0  stm32f4xx_hal_tim.o(.text.HAL_TIM_PWM_Init)
    [Anonymous Symbol]                       0x08002968   Section        0  stm32f4xx_hal_tim.o(.text.HAL_TIM_PWM_MspInit)
    [Anonymous Symbol]                       0x0800296c   Section        0  stm32f4xx_hal_tim.o(.text.HAL_TIM_PWM_PulseFinishedCallback)
    [Anonymous Symbol]                       0x08002970   Section        0  stm32f4xx_hal_tim.o(.text.HAL_TIM_PeriodElapsedCallback)
    [Anonymous Symbol]                       0x08002974   Section        0  stm32f4xx_hal_tim.o(.text.HAL_TIM_TriggerCallback)
    [Anonymous Symbol]                       0x08002978   Section        0  stm32f4xx_hal_uart.o(.text.HAL_UARTEx_RxEventCallback)
    [Anonymous Symbol]                       0x0800297c   Section        0  stm32f4xx_hal_uart.o(.text.HAL_UART_ErrorCallback)
    [Anonymous Symbol]                       0x08002980   Section        0  stm32f4xx_hal_uart.o(.text.HAL_UART_IRQHandler)
    [Anonymous Symbol]                       0x08002f14   Section        0  stm32f4xx_hal_uart.o(.text.HAL_UART_Init)
    [Anonymous Symbol]                       0x08002f74   Section        0  usart.o(.text.HAL_UART_MspInit)
    [Anonymous Symbol]                       0x08003218   Section        0  stm32f4xx_hal_uart.o(.text.HAL_UART_Receive_IT)
    [Anonymous Symbol]                       0x0800326c   Section        0  receive.o(.text.HAL_UART_RxCpltCallback)
    [Anonymous Symbol]                       0x08003500   Section        0  stm32f4xx_hal_uart.o(.text.HAL_UART_Transmit)
    [Anonymous Symbol]                       0x08003694   Section        0  stm32f4xx_hal_uart.o(.text.HAL_UART_TxCpltCallback)
    [Anonymous Symbol]                       0x08003698   Section        0  stm32f4xx_it.o(.text.HardFault_Handler)
    [Anonymous Symbol]                       0x0800369c   Section        0  scs.o(.text.Host2SCS)
    I2C_RequestMemoryWrite                   0x080036a5   Thumb Code   200  stm32f4xx_hal_i2c.o(.text.I2C_RequestMemoryWrite)
    [Anonymous Symbol]                       0x080036a4   Section        0  stm32f4xx_hal_i2c.o(.text.I2C_RequestMemoryWrite)
    I2C_WaitOnBTFFlagUntilTimeout            0x0800376d   Thumb Code   186  stm32f4xx_hal_i2c.o(.text.I2C_WaitOnBTFFlagUntilTimeout)
    [Anonymous Symbol]                       0x0800376c   Section        0  stm32f4xx_hal_i2c.o(.text.I2C_WaitOnBTFFlagUntilTimeout)
    I2C_WaitOnFlagUntilTimeout               0x08003829   Thumb Code   458  stm32f4xx_hal_i2c.o(.text.I2C_WaitOnFlagUntilTimeout)
    [Anonymous Symbol]                       0x08003828   Section        0  stm32f4xx_hal_i2c.o(.text.I2C_WaitOnFlagUntilTimeout)
    I2C_WaitOnMasterAddressFlagUntilTimeout  0x080039f5   Thumb Code   214  stm32f4xx_hal_i2c.o(.text.I2C_WaitOnMasterAddressFlagUntilTimeout)
    [Anonymous Symbol]                       0x080039f4   Section        0  stm32f4xx_hal_i2c.o(.text.I2C_WaitOnMasterAddressFlagUntilTimeout)
    I2C_WaitOnTXEFlagUntilTimeout            0x08003acd   Thumb Code   186  stm32f4xx_hal_i2c.o(.text.I2C_WaitOnTXEFlagUntilTimeout)
    [Anonymous Symbol]                       0x08003acc   Section        0  stm32f4xx_hal_i2c.o(.text.I2C_WaitOnTXEFlagUntilTimeout)
    [Anonymous Symbol]                       0x08003b88   Section        0  led.o(.text.LED_Toggle)
    [Anonymous Symbol]                       0x08003be4   Section        0  adc.o(.text.MX_ADC1_Init)
    [Anonymous Symbol]                       0x08003c50   Section        0  adc.o(.text.MX_ADC2_Init)
    [Anonymous Symbol]                       0x08003cbc   Section        0  can.o(.text.MX_CAN1_Init)
    [Anonymous Symbol]                       0x08003cf4   Section        0  can.o(.text.MX_CAN2_Init)
    [Anonymous Symbol]                       0x08003d2c   Section        0  gpio.o(.text.MX_GPIO_Init)
    [Anonymous Symbol]                       0x08003e90   Section        0  i2c.o(.text.MX_I2C1_Init)
    [Anonymous Symbol]                       0x08003ed4   Section        0  i2c.o(.text.MX_I2C3_Init)
    [Anonymous Symbol]                       0x08003f18   Section        0  spi.o(.text.MX_SPI2_Init)
    [Anonymous Symbol]                       0x08003f60   Section        0  tim.o(.text.MX_TIM10_Init)
    [Anonymous Symbol]                       0x08003fe4   Section        0  tim.o(.text.MX_TIM11_Init)
    [Anonymous Symbol]                       0x08004068   Section        0  tim.o(.text.MX_TIM12_Init)
    [Anonymous Symbol]                       0x0800412c   Section        0  tim.o(.text.MX_TIM1_Init)
    [Anonymous Symbol]                       0x08004198   Section        0  tim.o(.text.MX_TIM2_Init)
    [Anonymous Symbol]                       0x080041fc   Section        0  tim.o(.text.MX_TIM3_Init)
    [Anonymous Symbol]                       0x08004264   Section        0  tim.o(.text.MX_TIM4_Init)
    [Anonymous Symbol]                       0x080042cc   Section        0  tim.o(.text.MX_TIM6_Init)
    [Anonymous Symbol]                       0x0800431c   Section        0  tim.o(.text.MX_TIM8_Init)
    [Anonymous Symbol]                       0x08004424   Section        0  tim.o(.text.MX_TIM9_Init)
    [Anonymous Symbol]                       0x0800449c   Section        0  usart.o(.text.MX_UART4_Init)
    [Anonymous Symbol]                       0x080044d8   Section        0  usart.o(.text.MX_UART5_Init)
    [Anonymous Symbol]                       0x08004514   Section        0  usart.o(.text.MX_USART1_UART_Init)
    [Anonymous Symbol]                       0x08004550   Section        0  usart.o(.text.MX_USART2_UART_Init)
    [Anonymous Symbol]                       0x0800458c   Section        0  usart.o(.text.MX_USART3_UART_Init)
    [Anonymous Symbol]                       0x080045c8   Section        0  usart.o(.text.MX_USART6_UART_Init)
    [Anonymous Symbol]                       0x08004604   Section        0  stm32f4xx_it.o(.text.MemManage_Handler)
    [Anonymous Symbol]                       0x08004608   Section        0  stm32f4xx_it.o(.text.NMI_Handler)
    [Anonymous Symbol]                       0x0800460c   Section        0  oled.o(.text.OLED_Clear)
    [Anonymous Symbol]                       0x08004620   Section        0  oled.o(.text.OLED_Init)
    [Anonymous Symbol]                       0x0800487c   Section        0  oled.o(.text.OLED_ShowChar)
    [Anonymous Symbol]                       0x080048cc   Section        0  oled.o(.text.OLED_ShowHexNum)
    [Anonymous Symbol]                       0x080049d8   Section        0  oled.o(.text.OLED_ShowImage)
    [Anonymous Symbol]                       0x08004fd0   Section        0  oled.o(.text.OLED_ShowString)
    [Anonymous Symbol]                       0x080051b0   Section        0  oled_ui.o(.text.OLED_ShowVision)
    [Anonymous Symbol]                       0x080054a4   Section        0  oled.o(.text.OLED_Update)
    [Anonymous Symbol]                       0x08005544   Section        0  stm32f4xx_it.o(.text.PendSV_Handler)
    [Anonymous Symbol]                       0x08005548   Section        0  stm32f4xx_it.o(.text.SVC_Handler)
    [Anonymous Symbol]                       0x0800554c   Section        0  pid.o(.text.Servo_PID_Init)
    [Anonymous Symbol]                       0x08005610   Section        0  pid.o(.text.Servo_PID_Update)
    [Anonymous Symbol]                       0x08005838   Section        0  stm32f4xx_it.o(.text.SysTick_Handler)
    [Anonymous Symbol]                       0x0800583c   Section        0  main.o(.text.SystemClock_Config)
    [Anonymous Symbol]                       0x080058e8   Section        0  system_stm32f4xx.o(.text.SystemInit)
    [Anonymous Symbol]                       0x080058fc   Section        0  stm32f4xx_it.o(.text.TIM6_DAC_IRQHandler)
    [Anonymous Symbol]                       0x08005908   Section        0  stm32f4xx_hal_tim.o(.text.TIM_Base_SetConfig)
    [Anonymous Symbol]                       0x08005a44   Section        0  stm32f4xx_it.o(.text.UART4_IRQHandler)
    UART_DMAAbortOnError                     0x08005a51   Thumb Code    10  stm32f4xx_hal_uart.o(.text.UART_DMAAbortOnError)
    [Anonymous Symbol]                       0x08005a50   Section        0  stm32f4xx_hal_uart.o(.text.UART_DMAAbortOnError)
    UART_Receive_IT                          0x08005a5d   Thumb Code   254  stm32f4xx_hal_uart.o(.text.UART_Receive_IT)
    [Anonymous Symbol]                       0x08005a5c   Section        0  stm32f4xx_hal_uart.o(.text.UART_Receive_IT)
    UART_SetConfig                           0x08005b5d   Thumb Code   230  stm32f4xx_hal_uart.o(.text.UART_SetConfig)
    [Anonymous Symbol]                       0x08005b5c   Section        0  stm32f4xx_hal_uart.o(.text.UART_SetConfig)
    [Anonymous Symbol]                       0x08005c44   Section        0  stm32f4xx_it.o(.text.USART2_IRQHandler)
    [Anonymous Symbol]                       0x08005c50   Section        0  uart.o(.text.Uart_Flush)
    [Anonymous Symbol]                       0x08005c60   Section        0  uart.o(.text.Uart_Read)
    [Anonymous Symbol]                       0x08005c9c   Section        0  uart.o(.text.Uart_Send)
    [Anonymous Symbol]                       0x08005cc0   Section        0  stm32f4xx_it.o(.text.UsageFault_Handler)
    [Anonymous Symbol]                       0x08005cc4   Section        0  receive.o(.text.Vision_UART_Init)
    [Anonymous Symbol]                       0x08005cf0   Section        0  sms_sts.o(.text.WritePosEx)
    [Anonymous Symbol]                       0x08005d40   Section        0  scs.o(.text.checkHead)
    [Anonymous Symbol]                       0x08005e68   Section        0  scs.o(.text.genWrite)
    [Anonymous Symbol]                       0x08005fac   Section        0  main.o(.text.main)
    [Anonymous Symbol]                       0x080060ac   Section        0  scservo.o(.text.rFlushSCS)
    [Anonymous Symbol]                       0x080060b0   Section        0  scservo.o(.text.readSCS)
    [Anonymous Symbol]                       0x08006120   Section        0  scservo.o(.text.wFlushSCS)
    [Anonymous Symbol]                       0x08006144   Section        0  scs.o(.text.writeByte)
    [Anonymous Symbol]                       0x080061ec   Section        0  scservo.o(.text.writeSCS)
    $v0                                      0x080062f2   Number         0  fpinit.o(x$fpl$fpinit)
    x$fpl$fpinit                             0x080062f2   Section       26  fpinit.o(x$fpl$fpinit)
    .L_MergedGlobals                         0x20000000   Data           8  stm32f4xx_hal.o(.data..L_MergedGlobals)
    [Anonymous Symbol]                       0x20000000   Section        0  stm32f4xx_hal.o(.data..L_MergedGlobals)
    .L_MergedGlobals                         0x20000008   Data           8  pid.o(.data..L_MergedGlobals)
    servo_pos_x                              0x20000008   Data           4  pid.o(.data..L_MergedGlobals)
    [Anonymous Symbol]                       0x20000008   Section        0  pid.o(.data..L_MergedGlobals)
    servo_pos_y                              0x2000000c   Data           4  pid.o(.data..L_MergedGlobals)
    .bss                                     0x20000018   Section       96  libspace.o(.bss)
    .L_MergedGlobals                         0x20000078   Data          28  receive.o(.bss..L_MergedGlobals)
    rx_byte                                  0x20000078   Data           1  receive.o(.bss..L_MergedGlobals)
    [Anonymous Symbol]                       0x20000078   Section        0  receive.o(.bss..L_MergedGlobals)
    rx_idx                                   0x20000079   Data           1  receive.o(.bss..L_MergedGlobals)
    rx_len                                   0x2000007a   Data           1  receive.o(.bss..L_MergedGlobals)
    rx_last_tick                             0x2000007c   Data           4  receive.o(.bss..L_MergedGlobals)
    rx_buf                                   0x20000080   Data           6  receive.o(.bss..L_MergedGlobals)
    .L_MergedGlobals                         0x20000094   Data           8  uart.o(.bss..L_MergedGlobals)
    [Anonymous Symbol]                       0x20000094   Section        0  uart.o(.bss..L_MergedGlobals)
    .L_MergedGlobals.1                       0x2000009c   Data          96  pid.o(.bss..L_MergedGlobals.1)
    pid_control_x                            0x2000009c   Data          48  pid.o(.bss..L_MergedGlobals.1)
    [Anonymous Symbol]                       0x2000009c   Section        0  pid.o(.bss..L_MergedGlobals.1)
    pid_control_y                            0x200000cc   Data          48  pid.o(.bss..L_MergedGlobals.1)
    HAL_RCC_CAN1_CLK_ENABLED                 0x200000fc   Data           4  can.o(.bss.HAL_RCC_CAN1_CLK_ENABLED)
    [Anonymous Symbol]                       0x200000fc   Section        0  can.o(.bss.HAL_RCC_CAN1_CLK_ENABLED)
    Heap_Mem                                 0x20000c68   Data         512  startup_stm32f407xx.o(HEAP)
    HEAP                                     0x20000c68   Section      512  startup_stm32f407xx.o(HEAP)
    Stack_Mem                                0x20000e68   Data        1024  startup_stm32f407xx.o(STACK)
    STACK                                    0x20000e68   Section     1024  startup_stm32f407xx.o(STACK)
    __initial_sp                             0x20001268   Data           0  startup_stm32f407xx.o(STACK)

    Global Symbols

    Symbol Name                              Value     Ov Type        Size  Object(Section)

    BuildAttributes$$THM_ISAv4$E$P$D$K$B$S$7EM$VFPi3$EXTD16$VFPS$VFMA$PE$A:L22UL41UL21$X:L11$S22US41US21$IEEE1$IW$~IW$USESV6$~STKCKD$USESV7$~SHL$OTIME$ROPI$IEEEX$EBA8$UX$STANDARDLIB$REQ8$PRES8$EABIv2 0x00000000   Number         0  anon$$obj.o ABSOLUTE
    _printf_flags                            0x00000000   Number         0  printf_stubs.o ABSOLUTE
    _printf_return_value                     0x00000000   Number         0  printf_stubs.o ABSOLUTE
    _printf_sizespec                         0x00000000   Number         0  printf_stubs.o ABSOLUTE
    _printf_widthprec                        0x00000000   Number         0  printf_stubs.o ABSOLUTE
    __ARM_exceptions_init                     - Undefined Weak Reference
    __alloca_initialize                       - Undefined Weak Reference
    __arm_preinit_                            - Undefined Weak Reference
    __arm_relocate_pie_                       - Undefined Weak Reference
    __cpp_initialize__aeabi_                  - Undefined Weak Reference
    __cxa_finalize                            - Undefined Weak Reference
    __sigvec_lookup                           - Undefined Weak Reference
    __user_heap_extent                        - Undefined Weak Reference
    _atexit_init                              - Undefined Weak Reference
    _call_atexit_fns                          - Undefined Weak Reference
    _clock_init                               - Undefined Weak Reference
    _fp_trap_init                             - Undefined Weak Reference
    _fp_trap_shutdown                         - Undefined Weak Reference
    _get_lc_collate                           - Undefined Weak Reference
    _get_lc_monetary                          - Undefined Weak Reference
    _get_lc_time                              - Undefined Weak Reference
    _getenv_init                              - Undefined Weak Reference
    _handle_redirection                       - Undefined Weak Reference
    _initio                                   - Undefined Weak Reference
    _mutex_acquire                            - Undefined Weak Reference
    _mutex_free                               - Undefined Weak Reference
    _mutex_release                            - Undefined Weak Reference
    _printf_mbtowc                            - Undefined Weak Reference
    _printf_wc                                - Undefined Weak Reference
    _rand_init                                - Undefined Weak Reference
    _signal_finish                            - Undefined Weak Reference
    _signal_init                              - Undefined Weak Reference
    _terminateio                              - Undefined Weak Reference
    __Vectors_Size                           0x00000188   Number         0  startup_stm32f407xx.o ABSOLUTE
    __Vectors                                0x08000000   Data           4  startup_stm32f407xx.o(RESET)
    __Vectors_End                            0x08000188   Data           0  startup_stm32f407xx.o(RESET)
    __main                                   0x08000189   Thumb Code     8  __main.o(!!!main)
    __scatterload                            0x08000191   Thumb Code     0  __scatter.o(!!!scatter)
    __scatterload_rt2                        0x08000191   Thumb Code    84  __scatter.o(!!!scatter)
    __scatterload_rt2_thumb_only             0x08000191   Thumb Code     0  __scatter.o(!!!scatter)
    __scatterload_loop                       0x0800019b   Thumb Code     0  __scatter.o(!!!scatter)
    __scatterload_copy                       0x080001ed   Thumb Code    26  __scatter_copy.o(!!handler_copy)
    __scatterload_null                       0x08000209   Thumb Code     2  __scatter.o(!!handler_null)
    __scatterload_zeroinit                   0x0800020d   Thumb Code    28  __scatter_zi.o(!!handler_zi)
    __rt_lib_init                            0x08000229   Thumb Code     0  libinit.o(.ARM.Collect$$libinit$$00000000)
    __rt_lib_init_fp_1                       0x0800022b   Thumb Code     0  libinit2.o(.ARM.Collect$$libinit$$00000001)
    __rt_lib_init_alloca_1                   0x0800022f   Thumb Code     0  libinit2.o(.ARM.Collect$$libinit$$00000030)
    __rt_lib_init_argv_1                     0x0800022f   Thumb Code     0  libinit2.o(.ARM.Collect$$libinit$$0000002E)
    __rt_lib_init_atexit_1                   0x0800022f   Thumb Code     0  libinit2.o(.ARM.Collect$$libinit$$0000001D)
    __rt_lib_init_clock_1                    0x0800022f   Thumb Code     0  libinit2.o(.ARM.Collect$$libinit$$00000023)
    __rt_lib_init_cpp_1                      0x0800022f   Thumb Code     0  libinit2.o(.ARM.Collect$$libinit$$00000034)
    __rt_lib_init_exceptions_1               0x0800022f   Thumb Code     0  libinit2.o(.ARM.Collect$$libinit$$00000032)
    __rt_lib_init_fp_trap_1                  0x0800022f   Thumb Code     0  libinit2.o(.ARM.Collect$$libinit$$00000021)
    __rt_lib_init_getenv_1                   0x0800022f   Thumb Code     0  libinit2.o(.ARM.Collect$$libinit$$00000025)
    __rt_lib_init_heap_1                     0x0800022f   Thumb Code     0  libinit2.o(.ARM.Collect$$libinit$$0000000C)
    __rt_lib_init_lc_collate_1               0x0800022f   Thumb Code     0  libinit2.o(.ARM.Collect$$libinit$$00000013)
    __rt_lib_init_lc_ctype_1                 0x0800022f   Thumb Code     0  libinit2.o(.ARM.Collect$$libinit$$00000015)
    __rt_lib_init_lc_monetary_1              0x0800022f   Thumb Code     0  libinit2.o(.ARM.Collect$$libinit$$00000017)
    __rt_lib_init_lc_numeric_1               0x0800022f   Thumb Code     0  libinit2.o(.ARM.Collect$$libinit$$00000019)
    __rt_lib_init_lc_time_1                  0x0800022f   Thumb Code     0  libinit2.o(.ARM.Collect$$libinit$$0000001B)
    __rt_lib_init_preinit_1                  0x0800022f   Thumb Code     0  libinit2.o(.ARM.Collect$$libinit$$00000006)
    __rt_lib_init_rand_1                     0x0800022f   Thumb Code     0  libinit2.o(.ARM.Collect$$libinit$$00000010)
    __rt_lib_init_relocate_pie_1             0x0800022f   Thumb Code     0  libinit2.o(.ARM.Collect$$libinit$$00000004)
    __rt_lib_init_return                     0x0800022f   Thumb Code     0  libinit2.o(.ARM.Collect$$libinit$$00000035)
    __rt_lib_init_signal_1                   0x0800022f   Thumb Code     0  libinit2.o(.ARM.Collect$$libinit$$0000001F)
    __rt_lib_init_stdio_1                    0x0800022f   Thumb Code     0  libinit2.o(.ARM.Collect$$libinit$$00000027)
    __rt_lib_init_user_alloc_1               0x0800022f   Thumb Code     0  libinit2.o(.ARM.Collect$$libinit$$0000000E)
    __rt_lib_shutdown                        0x08000231   Thumb Code     0  libshutdown.o(.ARM.Collect$$libshutdown$$00000000)
    __rt_lib_shutdown_cpp_1                  0x08000233   Thumb Code     0  libshutdown2.o(.ARM.Collect$$libshutdown$$00000002)
    __rt_lib_shutdown_fp_trap_1              0x08000233   Thumb Code     0  libshutdown2.o(.ARM.Collect$$libshutdown$$00000007)
    __rt_lib_shutdown_heap_1                 0x08000233   Thumb Code     0  libshutdown2.o(.ARM.Collect$$libshutdown$$0000000F)
    __rt_lib_shutdown_return                 0x08000233   Thumb Code     0  libshutdown2.o(.ARM.Collect$$libshutdown$$00000010)
    __rt_lib_shutdown_signal_1               0x08000233   Thumb Code     0  libshutdown2.o(.ARM.Collect$$libshutdown$$0000000A)
    __rt_lib_shutdown_stdio_1                0x08000233   Thumb Code     0  libshutdown2.o(.ARM.Collect$$libshutdown$$00000004)
    __rt_lib_shutdown_user_alloc_1           0x08000233   Thumb Code     0  libshutdown2.o(.ARM.Collect$$libshutdown$$0000000C)
    __rt_entry                               0x08000235   Thumb Code     0  __rtentry.o(.ARM.Collect$$rtentry$$00000000)
    __rt_entry_presh_1                       0x08000235   Thumb Code     0  __rtentry2.o(.ARM.Collect$$rtentry$$00000002)
    __rt_entry_sh                            0x08000235   Thumb Code     0  __rtentry4.o(.ARM.Collect$$rtentry$$00000004)
    __rt_entry_li                            0x0800023b   Thumb Code     0  __rtentry2.o(.ARM.Collect$$rtentry$$0000000A)
    __rt_entry_postsh_1                      0x0800023b   Thumb Code     0  __rtentry2.o(.ARM.Collect$$rtentry$$00000009)
    __rt_entry_main                          0x0800023f   Thumb Code     0  __rtentry2.o(.ARM.Collect$$rtentry$$0000000D)
    __rt_entry_postli_1                      0x0800023f   Thumb Code     0  __rtentry2.o(.ARM.Collect$$rtentry$$0000000C)
    __rt_exit                                0x08000247   Thumb Code     0  rtexit.o(.ARM.Collect$$rtexit$$00000000)
    __rt_exit_ls                             0x08000249   Thumb Code     0  rtexit2.o(.ARM.Collect$$rtexit$$00000003)
    __rt_exit_prels_1                        0x08000249   Thumb Code     0  rtexit2.o(.ARM.Collect$$rtexit$$00000002)
    __rt_exit_exit                           0x0800024d   Thumb Code     0  rtexit2.o(.ARM.Collect$$rtexit$$00000004)
    Reset_Handler                            0x08000255   Thumb Code     8  startup_stm32f407xx.o(.text)
    ADC_IRQHandler                           0x0800026f   Thumb Code     0  startup_stm32f407xx.o(.text)
    CAN1_RX0_IRQHandler                      0x0800026f   Thumb Code     0  startup_stm32f407xx.o(.text)
    CAN1_RX1_IRQHandler                      0x0800026f   Thumb Code     0  startup_stm32f407xx.o(.text)
    CAN1_SCE_IRQHandler                      0x0800026f   Thumb Code     0  startup_stm32f407xx.o(.text)
    CAN1_TX_IRQHandler                       0x0800026f   Thumb Code     0  startup_stm32f407xx.o(.text)
    CAN2_RX0_IRQHandler                      0x0800026f   Thumb Code     0  startup_stm32f407xx.o(.text)
    CAN2_RX1_IRQHandler                      0x0800026f   Thumb Code     0  startup_stm32f407xx.o(.text)
    CAN2_SCE_IRQHandler                      0x0800026f   Thumb Code     0  startup_stm32f407xx.o(.text)
    CAN2_TX_IRQHandler                       0x0800026f   Thumb Code     0  startup_stm32f407xx.o(.text)
    DCMI_IRQHandler                          0x0800026f   Thumb Code     0  startup_stm32f407xx.o(.text)
    DMA1_Stream0_IRQHandler                  0x0800026f   Thumb Code     0  startup_stm32f407xx.o(.text)
    DMA1_Stream1_IRQHandler                  0x0800026f   Thumb Code     0  startup_stm32f407xx.o(.text)
    DMA1_Stream2_IRQHandler                  0x0800026f   Thumb Code     0  startup_stm32f407xx.o(.text)
    DMA1_Stream3_IRQHandler                  0x0800026f   Thumb Code     0  startup_stm32f407xx.o(.text)
    DMA1_Stream4_IRQHandler                  0x0800026f   Thumb Code     0  startup_stm32f407xx.o(.text)
    DMA1_Stream5_IRQHandler                  0x0800026f   Thumb Code     0  startup_stm32f407xx.o(.text)
    DMA1_Stream6_IRQHandler                  0x0800026f   Thumb Code     0  startup_stm32f407xx.o(.text)
    DMA1_Stream7_IRQHandler                  0x0800026f   Thumb Code     0  startup_stm32f407xx.o(.text)
    DMA2_Stream0_IRQHandler                  0x0800026f   Thumb Code     0  startup_stm32f407xx.o(.text)
    DMA2_Stream1_IRQHandler                  0x0800026f   Thumb Code     0  startup_stm32f407xx.o(.text)
    DMA2_Stream2_IRQHandler                  0x0800026f   Thumb Code     0  startup_stm32f407xx.o(.text)
    DMA2_Stream3_IRQHandler                  0x0800026f   Thumb Code     0  startup_stm32f407xx.o(.text)
    DMA2_Stream4_IRQHandler                  0x0800026f   Thumb Code     0  startup_stm32f407xx.o(.text)
    DMA2_Stream5_IRQHandler                  0x0800026f   Thumb Code     0  startup_stm32f407xx.o(.text)
    DMA2_Stream6_IRQHandler                  0x0800026f   Thumb Code     0  startup_stm32f407xx.o(.text)
    DMA2_Stream7_IRQHandler                  0x0800026f   Thumb Code     0  startup_stm32f407xx.o(.text)
    ETH_IRQHandler                           0x0800026f   Thumb Code     0  startup_stm32f407xx.o(.text)
    ETH_WKUP_IRQHandler                      0x0800026f   Thumb Code     0  startup_stm32f407xx.o(.text)
    EXTI0_IRQHandler                         0x0800026f   Thumb Code     0  startup_stm32f407xx.o(.text)
    EXTI15_10_IRQHandler                     0x0800026f   Thumb Code     0  startup_stm32f407xx.o(.text)
    EXTI1_IRQHandler                         0x0800026f   Thumb Code     0  startup_stm32f407xx.o(.text)
    EXTI2_IRQHandler                         0x0800026f   Thumb Code     0  startup_stm32f407xx.o(.text)
    EXTI3_IRQHandler                         0x0800026f   Thumb Code     0  startup_stm32f407xx.o(.text)
    EXTI4_IRQHandler                         0x0800026f   Thumb Code     0  startup_stm32f407xx.o(.text)
    EXTI9_5_IRQHandler                       0x0800026f   Thumb Code     0  startup_stm32f407xx.o(.text)
    FLASH_IRQHandler                         0x0800026f   Thumb Code     0  startup_stm32f407xx.o(.text)
    FMC_IRQHandler                           0x0800026f   Thumb Code     0  startup_stm32f407xx.o(.text)
    FPU_IRQHandler                           0x0800026f   Thumb Code     0  startup_stm32f407xx.o(.text)
    HASH_RNG_IRQHandler                      0x0800026f   Thumb Code     0  startup_stm32f407xx.o(.text)
    I2C1_ER_IRQHandler                       0x0800026f   Thumb Code     0  startup_stm32f407xx.o(.text)
    I2C1_EV_IRQHandler                       0x0800026f   Thumb Code     0  startup_stm32f407xx.o(.text)
    I2C2_ER_IRQHandler                       0x0800026f   Thumb Code     0  startup_stm32f407xx.o(.text)
    I2C2_EV_IRQHandler                       0x0800026f   Thumb Code     0  startup_stm32f407xx.o(.text)
    I2C3_ER_IRQHandler                       0x0800026f   Thumb Code     0  startup_stm32f407xx.o(.text)
    I2C3_EV_IRQHandler                       0x0800026f   Thumb Code     0  startup_stm32f407xx.o(.text)
    OTG_FS_IRQHandler                        0x0800026f   Thumb Code     0  startup_stm32f407xx.o(.text)
    OTG_FS_WKUP_IRQHandler                   0x0800026f   Thumb Code     0  startup_stm32f407xx.o(.text)
    OTG_HS_EP1_IN_IRQHandler                 0x0800026f   Thumb Code     0  startup_stm32f407xx.o(.text)
    OTG_HS_EP1_OUT_IRQHandler                0x0800026f   Thumb Code     0  startup_stm32f407xx.o(.text)
    OTG_HS_IRQHandler                        0x0800026f   Thumb Code     0  startup_stm32f407xx.o(.text)
    OTG_HS_WKUP_IRQHandler                   0x0800026f   Thumb Code     0  startup_stm32f407xx.o(.text)
    PVD_IRQHandler                           0x0800026f   Thumb Code     0  startup_stm32f407xx.o(.text)
    RCC_IRQHandler                           0x0800026f   Thumb Code     0  startup_stm32f407xx.o(.text)
    RTC_Alarm_IRQHandler                     0x0800026f   Thumb Code     0  startup_stm32f407xx.o(.text)
    RTC_WKUP_IRQHandler                      0x0800026f   Thumb Code     0  startup_stm32f407xx.o(.text)
    SDIO_IRQHandler                          0x0800026f   Thumb Code     0  startup_stm32f407xx.o(.text)
    SPI1_IRQHandler                          0x0800026f   Thumb Code     0  startup_stm32f407xx.o(.text)
    SPI2_IRQHandler                          0x0800026f   Thumb Code     0  startup_stm32f407xx.o(.text)
    SPI3_IRQHandler                          0x0800026f   Thumb Code     0  startup_stm32f407xx.o(.text)
    TAMP_STAMP_IRQHandler                    0x0800026f   Thumb Code     0  startup_stm32f407xx.o(.text)
    TIM1_BRK_TIM9_IRQHandler                 0x0800026f   Thumb Code     0  startup_stm32f407xx.o(.text)
    TIM1_CC_IRQHandler                       0x0800026f   Thumb Code     0  startup_stm32f407xx.o(.text)
    TIM1_TRG_COM_TIM11_IRQHandler            0x0800026f   Thumb Code     0  startup_stm32f407xx.o(.text)
    TIM1_UP_TIM10_IRQHandler                 0x0800026f   Thumb Code     0  startup_stm32f407xx.o(.text)
    TIM2_IRQHandler                          0x0800026f   Thumb Code     0  startup_stm32f407xx.o(.text)
    TIM3_IRQHandler                          0x0800026f   Thumb Code     0  startup_stm32f407xx.o(.text)
    TIM4_IRQHandler                          0x0800026f   Thumb Code     0  startup_stm32f407xx.o(.text)
    TIM5_IRQHandler                          0x0800026f   Thumb Code     0  startup_stm32f407xx.o(.text)
    TIM7_IRQHandler                          0x0800026f   Thumb Code     0  startup_stm32f407xx.o(.text)
    TIM8_BRK_TIM12_IRQHandler                0x0800026f   Thumb Code     0  startup_stm32f407xx.o(.text)
    TIM8_CC_IRQHandler                       0x0800026f   Thumb Code     0  startup_stm32f407xx.o(.text)
    TIM8_TRG_COM_TIM14_IRQHandler            0x0800026f   Thumb Code     0  startup_stm32f407xx.o(.text)
    TIM8_UP_TIM13_IRQHandler                 0x0800026f   Thumb Code     0  startup_stm32f407xx.o(.text)
    UART5_IRQHandler                         0x0800026f   Thumb Code     0  startup_stm32f407xx.o(.text)
    USART1_IRQHandler                        0x0800026f   Thumb Code     0  startup_stm32f407xx.o(.text)
    USART3_IRQHandler                        0x0800026f   Thumb Code     0  startup_stm32f407xx.o(.text)
    USART6_IRQHandler                        0x0800026f   Thumb Code     0  startup_stm32f407xx.o(.text)
    WWDG_IRQHandler                          0x0800026f   Thumb Code     0  startup_stm32f407xx.o(.text)
    __user_initial_stackheap                 0x08000271   Thumb Code     0  startup_stm32f407xx.o(.text)
    __aeabi_uldivmod                         0x08000295   Thumb Code     0  lludivv7m.o(.text)
    _ll_udiv                                 0x08000295   Thumb Code   240  lludivv7m.o(.text)
    __aeabi_memclr4                          0x08000385   Thumb Code     0  rt_memclr_w.o(.text)
    __aeabi_memclr8                          0x08000385   Thumb Code     0  rt_memclr_w.o(.text)
    __rt_memclr_w                            0x08000385   Thumb Code     0  rt_memclr_w.o(.text)
    _memset_w                                0x08000389   Thumb Code    74  rt_memclr_w.o(.text)
    strcmp                                   0x080003d9   Thumb Code   124  strcmpv7em.o(.text)
    __use_two_region_memory                  0x08000455   Thumb Code     2  heapauxi.o(.text)
    __rt_heap_escrow                         0x08000457   Thumb Code     2  heapauxi.o(.text)
    __rt_heap_expand                         0x08000459   Thumb Code     2  heapauxi.o(.text)
    __user_libspace                          0x0800045d   Thumb Code     8  libspace.o(.text)
    __user_perproc_libspace                  0x0800045d   Thumb Code     0  libspace.o(.text)
    __user_perthread_libspace                0x0800045d   Thumb Code     0  libspace.o(.text)
    __I$use$semihosting                      0x08000465   Thumb Code     0  use_no_semi.o(.text)
    __use_no_semihosting_swi                 0x08000465   Thumb Code     2  use_no_semi.o(.text)
    __semihosting_library_function           0x08000467   Thumb Code     0  indicate_semi.o(.text)
    __user_setup_stackheap                   0x08000467   Thumb Code    74  sys_stackheap_outer.o(.text)
    exit                                     0x080004b1   Thumb Code    18  exit.o(.text)
    _sys_exit                                0x080004c5   Thumb Code     8  sys_exit.o(.text)
    BusFault_Handler                         0x080004d1   Thumb Code     2  stm32f4xx_it.o(.text.BusFault_Handler)
    DebugMon_Handler                         0x080004d5   Thumb Code     2  stm32f4xx_it.o(.text.DebugMon_Handler)
    EnableTorque                             0x080004d9   Thumb Code     8  sms_sts.o(.text.EnableTorque)
    Error_Handler                            0x080004e1   Thumb Code     6  main.o(.text.Error_Handler)
    HAL_ADC_ConfigChannel                    0x080004e9   Thumb Code   316  stm32f4xx_hal_adc.o(.text.HAL_ADC_ConfigChannel)
    HAL_ADC_Init                             0x08000625   Thumb Code   348  stm32f4xx_hal_adc.o(.text.HAL_ADC_Init)
    HAL_ADC_MspInit                          0x08000781   Thumb Code   258  adc.o(.text.HAL_ADC_MspInit)
    HAL_CAN_Init                             0x08000885   Thumb Code   244  stm32f4xx_hal_can.o(.text.HAL_CAN_Init)
    HAL_CAN_MspInit                          0x08000979   Thumb Code   266  can.o(.text.HAL_CAN_MspInit)
    HAL_DMA_Abort                            0x08000a85   Thumb Code   142  stm32f4xx_hal_dma.o(.text.HAL_DMA_Abort)
    HAL_DMA_Abort_IT                         0x08000b15   Thumb Code    36  stm32f4xx_hal_dma.o(.text.HAL_DMA_Abort_IT)
    HAL_Delay                                0x08000b39   Thumb Code    40  stm32f4xx_hal.o(.text.HAL_Delay)
    HAL_GPIO_Init                            0x08000b61   Thumb Code   414  stm32f4xx_hal_gpio.o(.text.HAL_GPIO_Init)
    HAL_GPIO_TogglePin                       0x08000d01   Thumb Code    16  stm32f4xx_hal_gpio.o(.text.HAL_GPIO_TogglePin)
    HAL_GPIO_WritePin                        0x08000d11   Thumb Code    10  stm32f4xx_hal_gpio.o(.text.HAL_GPIO_WritePin)
    HAL_GetTick                              0x08000d1d   Thumb Code    12  stm32f4xx_hal.o(.text.HAL_GetTick)
    HAL_I2C_Init                             0x08000d29   Thumb Code   356  stm32f4xx_hal_i2c.o(.text.HAL_I2C_Init)
    HAL_I2C_Mem_Write                        0x08000e8d   Thumb Code   348  stm32f4xx_hal_i2c.o(.text.HAL_I2C_Mem_Write)
    HAL_I2C_MspInit                          0x08000fe9   Thumb Code   272  i2c.o(.text.HAL_I2C_MspInit)
    HAL_IncTick                              0x080010f9   Thumb Code    26  stm32f4xx_hal.o(.text.HAL_IncTick)
    HAL_Init                                 0x08001115   Thumb Code    54  stm32f4xx_hal.o(.text.HAL_Init)
    HAL_InitTick                             0x0800114d   Thumb Code    72  stm32f4xx_hal.o(.text.HAL_InitTick)
    HAL_MspInit                              0x08001195   Thumb Code    56  stm32f4xx_hal_msp.o(.text.HAL_MspInit)
    HAL_NVIC_EnableIRQ                       0x080011cd   Thumb Code    34  stm32f4xx_hal_cortex.o(.text.HAL_NVIC_EnableIRQ)
    HAL_NVIC_SetPriority                     0x080011f1   Thumb Code    86  stm32f4xx_hal_cortex.o(.text.HAL_NVIC_SetPriority)
    HAL_NVIC_SetPriorityGrouping             0x08001249   Thumb Code    32  stm32f4xx_hal_cortex.o(.text.HAL_NVIC_SetPriorityGrouping)
    HAL_RCC_ClockConfig                      0x08001269   Thumb Code   356  stm32f4xx_hal_rcc.o(.text.HAL_RCC_ClockConfig)
    HAL_RCC_GetPCLK1Freq                     0x080013cd   Thumb Code    38  stm32f4xx_hal_rcc.o(.text.HAL_RCC_GetPCLK1Freq)
    HAL_RCC_GetPCLK2Freq                     0x080013f5   Thumb Code    38  stm32f4xx_hal_rcc.o(.text.HAL_RCC_GetPCLK2Freq)
    HAL_RCC_GetSysClockFreq                  0x0800141d   Thumb Code   112  stm32f4xx_hal_rcc.o(.text.HAL_RCC_GetSysClockFreq)
    HAL_RCC_OscConfig                        0x0800148d   Thumb Code   940  stm32f4xx_hal_rcc.o(.text.HAL_RCC_OscConfig)
    HAL_SPI_Init                             0x08001839   Thumb Code   176  stm32f4xx_hal_spi.o(.text.HAL_SPI_Init)
    HAL_SPI_MspInit                          0x080018e9   Thumb Code   174  spi.o(.text.HAL_SPI_MspInit)
    HAL_SYSTICK_Config                       0x08001999   Thumb Code    44  stm32f4xx_hal_cortex.o(.text.HAL_SYSTICK_Config)
    HAL_TIMEx_BreakCallback                  0x080019c5   Thumb Code     2  stm32f4xx_hal_tim_ex.o(.text.HAL_TIMEx_BreakCallback)
    HAL_TIMEx_CommutCallback                 0x080019c9   Thumb Code     2  stm32f4xx_hal_tim_ex.o(.text.HAL_TIMEx_CommutCallback)
    HAL_TIMEx_ConfigBreakDeadTime            0x080019cd   Thumb Code    76  stm32f4xx_hal_tim_ex.o(.text.HAL_TIMEx_ConfigBreakDeadTime)
    HAL_TIMEx_MasterConfigSynchronization    0x08001a19   Thumb Code   186  stm32f4xx_hal_tim_ex.o(.text.HAL_TIMEx_MasterConfigSynchronization)
    HAL_TIM_Base_Init                        0x08001ad5   Thumb Code    90  stm32f4xx_hal_tim.o(.text.HAL_TIM_Base_Init)
    HAL_TIM_Base_MspInit                     0x08001b31   Thumb Code   266  tim.o(.text.HAL_TIM_Base_MspInit)
    HAL_TIM_ConfigClockSource                0x08001c3d   Thumb Code   416  stm32f4xx_hal_tim.o(.text.HAL_TIM_ConfigClockSource)
    HAL_TIM_Encoder_Init                     0x08001ddd   Thumb Code   178  stm32f4xx_hal_tim.o(.text.HAL_TIM_Encoder_Init)
    HAL_TIM_Encoder_MspInit                  0x08001e91   Thumb Code   346  tim.o(.text.HAL_TIM_Encoder_MspInit)
    HAL_TIM_IC_CaptureCallback               0x08001fed   Thumb Code     2  stm32f4xx_hal_tim.o(.text.HAL_TIM_IC_CaptureCallback)
    HAL_TIM_IC_ConfigChannel                 0x08001ff1   Thumb Code   454  stm32f4xx_hal_tim.o(.text.HAL_TIM_IC_ConfigChannel)
    HAL_TIM_IC_Init                          0x080021b9   Thumb Code    90  stm32f4xx_hal_tim.o(.text.HAL_TIM_IC_Init)
    HAL_TIM_IC_MspInit                       0x08002215   Thumb Code   114  tim.o(.text.HAL_TIM_IC_MspInit)
    HAL_TIM_IRQHandler                       0x08002289   Thumb Code   334  stm32f4xx_hal_tim.o(.text.HAL_TIM_IRQHandler)
    HAL_TIM_MspPostInit                      0x080023d9   Thumb Code   252  tim.o(.text.HAL_TIM_MspPostInit)
    HAL_TIM_OC_ConfigChannel                 0x080024d5   Thumb Code   436  stm32f4xx_hal_tim.o(.text.HAL_TIM_OC_ConfigChannel)
    HAL_TIM_OC_DelayElapsedCallback          0x08002689   Thumb Code     2  stm32f4xx_hal_tim.o(.text.HAL_TIM_OC_DelayElapsedCallback)
    HAL_TIM_OC_Init                          0x0800268d   Thumb Code    90  stm32f4xx_hal_tim.o(.text.HAL_TIM_OC_Init)
    HAL_TIM_OC_MspInit                       0x080026e9   Thumb Code     2  stm32f4xx_hal_tim.o(.text.HAL_TIM_OC_MspInit)
    HAL_TIM_PWM_ConfigChannel                0x080026ed   Thumb Code   544  stm32f4xx_hal_tim.o(.text.HAL_TIM_PWM_ConfigChannel)
    HAL_TIM_PWM_Init                         0x0800290d   Thumb Code    90  stm32f4xx_hal_tim.o(.text.HAL_TIM_PWM_Init)
    HAL_TIM_PWM_MspInit                      0x08002969   Thumb Code     2  stm32f4xx_hal_tim.o(.text.HAL_TIM_PWM_MspInit)
    HAL_TIM_PWM_PulseFinishedCallback        0x0800296d   Thumb Code     2  stm32f4xx_hal_tim.o(.text.HAL_TIM_PWM_PulseFinishedCallback)
    HAL_TIM_PeriodElapsedCallback            0x08002971   Thumb Code     2  stm32f4xx_hal_tim.o(.text.HAL_TIM_PeriodElapsedCallback)
    HAL_TIM_TriggerCallback                  0x08002975   Thumb Code     2  stm32f4xx_hal_tim.o(.text.HAL_TIM_TriggerCallback)
    HAL_UARTEx_RxEventCallback               0x08002979   Thumb Code     2  stm32f4xx_hal_uart.o(.text.HAL_UARTEx_RxEventCallback)
    HAL_UART_ErrorCallback                   0x0800297d   Thumb Code     2  stm32f4xx_hal_uart.o(.text.HAL_UART_ErrorCallback)
    HAL_UART_IRQHandler                      0x08002981   Thumb Code  1428  stm32f4xx_hal_uart.o(.text.HAL_UART_IRQHandler)
    HAL_UART_Init                            0x08002f15   Thumb Code    96  stm32f4xx_hal_uart.o(.text.HAL_UART_Init)
    HAL_UART_MspInit                         0x08002f75   Thumb Code   674  usart.o(.text.HAL_UART_MspInit)
    HAL_UART_Receive_IT                      0x08003219   Thumb Code    84  stm32f4xx_hal_uart.o(.text.HAL_UART_Receive_IT)
    HAL_UART_RxCpltCallback                  0x0800326d   Thumb Code   658  receive.o(.text.HAL_UART_RxCpltCallback)
    HAL_UART_Transmit                        0x08003501   Thumb Code   402  stm32f4xx_hal_uart.o(.text.HAL_UART_Transmit)
    HAL_UART_TxCpltCallback                  0x08003695   Thumb Code     2  stm32f4xx_hal_uart.o(.text.HAL_UART_TxCpltCallback)
    HardFault_Handler                        0x08003699   Thumb Code     2  stm32f4xx_it.o(.text.HardFault_Handler)
    Host2SCS                                 0x0800369d   Thumb Code     8  scs.o(.text.Host2SCS)
    LED_Toggle                               0x08003b89   Thumb Code    90  led.o(.text.LED_Toggle)
    MX_ADC1_Init                             0x08003be5   Thumb Code   108  adc.o(.text.MX_ADC1_Init)
    MX_ADC2_Init                             0x08003c51   Thumb Code   108  adc.o(.text.MX_ADC2_Init)
    MX_CAN1_Init                             0x08003cbd   Thumb Code    54  can.o(.text.MX_CAN1_Init)
    MX_CAN2_Init                             0x08003cf5   Thumb Code    54  can.o(.text.MX_CAN2_Init)
    MX_GPIO_Init                             0x08003d2d   Thumb Code   354  gpio.o(.text.MX_GPIO_Init)
    MX_I2C1_Init                             0x08003e91   Thumb Code    66  i2c.o(.text.MX_I2C1_Init)
    MX_I2C3_Init                             0x08003ed5   Thumb Code    66  i2c.o(.text.MX_I2C3_Init)
    MX_SPI2_Init                             0x08003f19   Thumb Code    70  spi.o(.text.MX_SPI2_Init)
    MX_TIM10_Init                            0x08003f61   Thumb Code   130  tim.o(.text.MX_TIM10_Init)
    MX_TIM11_Init                            0x08003fe5   Thumb Code   130  tim.o(.text.MX_TIM11_Init)
    MX_TIM12_Init                            0x08004069   Thumb Code   194  tim.o(.text.MX_TIM12_Init)
    MX_TIM1_Init                             0x0800412d   Thumb Code   106  tim.o(.text.MX_TIM1_Init)
    MX_TIM2_Init                             0x08004199   Thumb Code    98  tim.o(.text.MX_TIM2_Init)
    MX_TIM3_Init                             0x080041fd   Thumb Code   102  tim.o(.text.MX_TIM3_Init)
    MX_TIM4_Init                             0x08004265   Thumb Code   102  tim.o(.text.MX_TIM4_Init)
    MX_TIM6_Init                             0x080042cd   Thumb Code    80  tim.o(.text.MX_TIM6_Init)
    MX_TIM8_Init                             0x0800431d   Thumb Code   264  tim.o(.text.MX_TIM8_Init)
    MX_TIM9_Init                             0x08004425   Thumb Code   118  tim.o(.text.MX_TIM9_Init)
    MX_UART4_Init                            0x0800449d   Thumb Code    60  usart.o(.text.MX_UART4_Init)
    MX_UART5_Init                            0x080044d9   Thumb Code    60  usart.o(.text.MX_UART5_Init)
    MX_USART1_UART_Init                      0x08004515   Thumb Code    60  usart.o(.text.MX_USART1_UART_Init)
    MX_USART2_UART_Init                      0x08004551   Thumb Code    60  usart.o(.text.MX_USART2_UART_Init)
    MX_USART3_UART_Init                      0x0800458d   Thumb Code    60  usart.o(.text.MX_USART3_UART_Init)
    MX_USART6_UART_Init                      0x080045c9   Thumb Code    60  usart.o(.text.MX_USART6_UART_Init)
    MemManage_Handler                        0x08004605   Thumb Code     2  stm32f4xx_it.o(.text.MemManage_Handler)
    NMI_Handler                              0x08004609   Thumb Code     2  stm32f4xx_it.o(.text.NMI_Handler)
    OLED_Clear                               0x0800460d   Thumb Code    20  oled.o(.text.OLED_Clear)
    OLED_Init                                0x08004621   Thumb Code   602  oled.o(.text.OLED_Init)
    OLED_ShowChar                            0x0800487d   Thumb Code    80  oled.o(.text.OLED_ShowChar)
    OLED_ShowHexNum                          0x080048cd   Thumb Code   266  oled.o(.text.OLED_ShowHexNum)
    OLED_ShowImage                           0x080049d9   Thumb Code  1528  oled.o(.text.OLED_ShowImage)
    OLED_ShowString                          0x08004fd1   Thumb Code   478  oled.o(.text.OLED_ShowString)
    OLED_ShowVision                          0x080051b1   Thumb Code   740  oled_ui.o(.text.OLED_ShowVision)
    OLED_Update                              0x080054a5   Thumb Code   160  oled.o(.text.OLED_Update)
    PendSV_Handler                           0x08005545   Thumb Code     2  stm32f4xx_it.o(.text.PendSV_Handler)
    SVC_Handler                              0x08005549   Thumb Code     2  stm32f4xx_it.o(.text.SVC_Handler)
    Servo_PID_Init                           0x0800554d   Thumb Code   196  pid.o(.text.Servo_PID_Init)
    Servo_PID_Update                         0x08005611   Thumb Code   532  pid.o(.text.Servo_PID_Update)
    SysTick_Handler                          0x08005839   Thumb Code     4  stm32f4xx_it.o(.text.SysTick_Handler)
    SystemClock_Config                       0x0800583d   Thumb Code   172  main.o(.text.SystemClock_Config)
    SystemInit                               0x080058e9   Thumb Code    18  system_stm32f4xx.o(.text.SystemInit)
    TIM6_DAC_IRQHandler                      0x080058fd   Thumb Code    12  stm32f4xx_it.o(.text.TIM6_DAC_IRQHandler)
    TIM_Base_SetConfig                       0x08005909   Thumb Code   314  stm32f4xx_hal_tim.o(.text.TIM_Base_SetConfig)
    UART4_IRQHandler                         0x08005a45   Thumb Code    12  stm32f4xx_it.o(.text.UART4_IRQHandler)
    USART2_IRQHandler                        0x08005c45   Thumb Code    12  stm32f4xx_it.o(.text.USART2_IRQHandler)
    Uart_Flush                               0x08005c51   Thumb Code    16  uart.o(.text.Uart_Flush)
    Uart_Read                                0x08005c61   Thumb Code    58  uart.o(.text.Uart_Read)
    Uart_Send                                0x08005c9d   Thumb Code    34  uart.o(.text.Uart_Send)
    UsageFault_Handler                       0x08005cc1   Thumb Code     2  stm32f4xx_it.o(.text.UsageFault_Handler)
    Vision_UART_Init                         0x08005cc5   Thumb Code    44  receive.o(.text.Vision_UART_Init)
    WritePosEx                               0x08005cf1   Thumb Code    80  sms_sts.o(.text.WritePosEx)
    checkHead                                0x08005d41   Thumb Code   294  scs.o(.text.checkHead)
    genWrite                                 0x08005e69   Thumb Code   324  scs.o(.text.genWrite)
    main                                     0x08005fad   Thumb Code   244  main.o(.text.main)
    rFlushSCS                                0x080060ad   Thumb Code     4  scservo.o(.text.rFlushSCS)
    readSCS                                  0x080060b1   Thumb Code   112  scservo.o(.text.readSCS)
    wFlushSCS                                0x08006121   Thumb Code    36  scservo.o(.text.wFlushSCS)
    writeByte                                0x08006145   Thumb Code   166  scs.o(.text.writeByte)
    writeSCS                                 0x080061ed   Thumb Code   262  scservo.o(.text.writeSCS)
    _fp_init                                 0x080062f3   Thumb Code    26  fpinit.o(x$fpl$fpinit)
    __fplib_config_fpu_vfp                   0x0800630b   Thumb Code     0  fpinit.o(x$fpl$fpinit)
    __fplib_config_pureend_doubles           0x0800630b   Thumb Code     0  fpinit.o(x$fpl$fpinit)
    AHBPrescTable                            0x0800630c   Data          16  system_stm32f4xx.o(.rodata.AHBPrescTable)
    APBPrescTable                            0x0800631c   Data           8  system_stm32f4xx.o(.rodata.APBPrescTable)
    OLED_CF16x16                             0x08006324   Data         259  oled_data.o(.rodata.OLED_CF16x16)
    OLED_F6x8                                0x08006427   Data         570  oled_data.o(.rodata.OLED_F6x8)
    OLED_F8x16                               0x08006661   Data        1520  oled_data.o(.rodata.OLED_F8x16)
    Region$$Table$$Base                      0x08006c54   Number         0  anon$$obj.o(Region$$Table)
    Region$$Table$$Limit                     0x08006c74   Number         0  anon$$obj.o(Region$$Table)
    uwTickFreq                               0x20000000   Data           1  stm32f4xx_hal.o(.data..L_MergedGlobals)
    uwTickPrio                               0x20000004   Data           4  stm32f4xx_hal.o(.data..L_MergedGlobals)
    IOTimeOut                                0x20000010   Data           4  scservo.o(.data.IOTimeOut)
    SystemCoreClock                          0x20000014   Data           4  system_stm32f4xx.o(.data.SystemCoreClock)
    __libspace_start                         0x20000018   Data          96  libspace.o(.bss)
    __temporary_stack_top$libspace           0x20000078   Data           0  libspace.o(.bss)
    vision_data                              0x20000086   Data          14  receive.o(.bss..L_MergedGlobals)
    head                                     0x20000094   Data           4  uart.o(.bss..L_MergedGlobals)
    tail                                     0x20000098   Data           4  uart.o(.bss..L_MergedGlobals)
    OLED_DisplayBuf                          0x20000100   Data        1024  oled.o(.bss.OLED_DisplayBuf)
    hadc1                                    0x20000500   Data          72  adc.o(.bss.hadc1)
    hadc2                                    0x20000548   Data          72  adc.o(.bss.hadc2)
    hcan1                                    0x20000590   Data          40  can.o(.bss.hcan1)
    hcan2                                    0x200005b8   Data          40  can.o(.bss.hcan2)
    hi2c1                                    0x200005e0   Data          84  i2c.o(.bss.hi2c1)
    hi2c3                                    0x20000634   Data          84  i2c.o(.bss.hi2c3)
    hspi2                                    0x20000688   Data          88  spi.o(.bss.hspi2)
    htim1                                    0x200006e0   Data          72  tim.o(.bss.htim1)
    htim10                                   0x20000728   Data          72  tim.o(.bss.htim10)
    htim11                                   0x20000770   Data          72  tim.o(.bss.htim11)
    htim12                                   0x200007b8   Data          72  tim.o(.bss.htim12)
    htim2                                    0x20000800   Data          72  tim.o(.bss.htim2)
    htim3                                    0x20000848   Data          72  tim.o(.bss.htim3)
    htim4                                    0x20000890   Data          72  tim.o(.bss.htim4)
    htim6                                    0x200008d8   Data          72  tim.o(.bss.htim6)
    htim8                                    0x20000920   Data          72  tim.o(.bss.htim8)
    htim9                                    0x20000968   Data          72  tim.o(.bss.htim9)
    huart1                                   0x200009b0   Data          72  usart.o(.bss.huart1)
    huart2                                   0x200009f8   Data          72  usart.o(.bss.huart2)
    huart3                                   0x20000a40   Data          72  usart.o(.bss.huart3)
    huart4                                   0x20000a88   Data          72  usart.o(.bss.huart4)
    huart5                                   0x20000ad0   Data          72  usart.o(.bss.huart5)
    huart6                                   0x20000b18   Data          72  usart.o(.bss.huart6)
    uartBuf                                  0x20000b60   Data         128  uart.o(.bss.uartBuf)
    uwTick                                   0x20000be0   Data           4  stm32f4xx_hal.o(.bss.uwTick)
    wBuf                                     0x20000be4   Data         128  scservo.o(.bss.wBuf)
    wLen                                     0x20000c64   Data           1  scservo.o(.bss.wLen)



==============================================================================

Memory Map of the image

  Image Entry point : 0x08000189

  Load Region LR_IROM1 (Base: 0x08000000, Size: 0x00006c90, Max: 0x00080000, ABSOLUTE)

    Execution Region ER_IROM1 (Exec base: 0x08000000, Load base: 0x08000000, Size: 0x00006c74, Max: 0x00080000, ABSOLUTE)

    Exec Addr    Load Addr    Size         Type   Attr      Idx    E Section Name        Object

    0x08000000   0x08000000   0x00000188   Data   RO            3    RESET               startup_stm32f407xx.o
    0x08000188   0x08000188   0x00000008   Code   RO         1848  * !!!main             c_w.l(__main.o)
    0x08000190   0x08000190   0x0000005c   Code   RO         2334    !!!scatter          c_w.l(__scatter.o)
    0x080001ec   0x080001ec   0x0000001a   Code   RO         2338    !!handler_copy      c_w.l(__scatter_copy.o)
    0x08000206   0x08000206   0x00000002   PAD
    0x08000208   0x08000208   0x00000002   Code   RO         2335    !!handler_null      c_w.l(__scatter.o)
    0x0800020a   0x0800020a   0x00000002   PAD
    0x0800020c   0x0800020c   0x0000001c   Code   RO         2340    !!handler_zi        c_w.l(__scatter_zi.o)
    0x08000228   0x08000228   0x00000002   Code   RO         2260    .ARM.Collect$$libinit$$00000000  c_w.l(libinit.o)
    0x0800022a   0x0800022a   0x00000004   Code   RO         2017    .ARM.Collect$$libinit$$00000001  c_w.l(libinit2.o)
    0x0800022e   0x0800022e   0x00000000   Code   RO         2020    .ARM.Collect$$libinit$$00000004  c_w.l(libinit2.o)
    0x0800022e   0x0800022e   0x00000000   Code   RO         2022    .ARM.Collect$$libinit$$00000006  c_w.l(libinit2.o)
    0x0800022e   0x0800022e   0x00000000   Code   RO         2025    .ARM.Collect$$libinit$$0000000C  c_w.l(libinit2.o)
    0x0800022e   0x0800022e   0x00000000   Code   RO         2027    .ARM.Collect$$libinit$$0000000E  c_w.l(libinit2.o)
    0x0800022e   0x0800022e   0x00000000   Code   RO         2029    .ARM.Collect$$libinit$$00000010  c_w.l(libinit2.o)
    0x0800022e   0x0800022e   0x00000000   Code   RO         2032    .ARM.Collect$$libinit$$00000013  c_w.l(libinit2.o)
    0x0800022e   0x0800022e   0x00000000   Code   RO         2034    .ARM.Collect$$libinit$$00000015  c_w.l(libinit2.o)
    0x0800022e   0x0800022e   0x00000000   Code   RO         2036    .ARM.Collect$$libinit$$00000017  c_w.l(libinit2.o)
    0x0800022e   0x0800022e   0x00000000   Code   RO         2038    .ARM.Collect$$libinit$$00000019  c_w.l(libinit2.o)
    0x0800022e   0x0800022e   0x00000000   Code   RO         2040    .ARM.Collect$$libinit$$0000001B  c_w.l(libinit2.o)
    0x0800022e   0x0800022e   0x00000000   Code   RO         2042    .ARM.Collect$$libinit$$0000001D  c_w.l(libinit2.o)
    0x0800022e   0x0800022e   0x00000000   Code   RO         2044    .ARM.Collect$$libinit$$0000001F  c_w.l(libinit2.o)
    0x0800022e   0x0800022e   0x00000000   Code   RO         2046    .ARM.Collect$$libinit$$00000021  c_w.l(libinit2.o)
    0x0800022e   0x0800022e   0x00000000   Code   RO         2048    .ARM.Collect$$libinit$$00000023  c_w.l(libinit2.o)
    0x0800022e   0x0800022e   0x00000000   Code   RO         2050    .ARM.Collect$$libinit$$00000025  c_w.l(libinit2.o)
    0x0800022e   0x0800022e   0x00000000   Code   RO         2052    .ARM.Collect$$libinit$$00000027  c_w.l(libinit2.o)
    0x0800022e   0x0800022e   0x00000000   Code   RO         2056    .ARM.Collect$$libinit$$0000002E  c_w.l(libinit2.o)
    0x0800022e   0x0800022e   0x00000000   Code   RO         2058    .ARM.Collect$$libinit$$00000030  c_w.l(libinit2.o)
    0x0800022e   0x0800022e   0x00000000   Code   RO         2060    .ARM.Collect$$libinit$$00000032  c_w.l(libinit2.o)
    0x0800022e   0x0800022e   0x00000000   Code   RO         2062    .ARM.Collect$$libinit$$00000034  c_w.l(libinit2.o)
    0x0800022e   0x0800022e   0x00000002   Code   RO         2063    .ARM.Collect$$libinit$$00000035  c_w.l(libinit2.o)
    0x08000230   0x08000230   0x00000002   Code   RO         2331    .ARM.Collect$$libshutdown$$00000000  c_w.l(libshutdown.o)
    0x08000232   0x08000232   0x00000000   Code   RO         2285    .ARM.Collect$$libshutdown$$00000002  c_w.l(libshutdown2.o)
    0x08000232   0x08000232   0x00000000   Code   RO         2287    .ARM.Collect$$libshutdown$$00000004  c_w.l(libshutdown2.o)
    0x08000232   0x08000232   0x00000000   Code   RO         2290    .ARM.Collect$$libshutdown$$00000007  c_w.l(libshutdown2.o)
    0x08000232   0x08000232   0x00000000   Code   RO         2293    .ARM.Collect$$libshutdown$$0000000A  c_w.l(libshutdown2.o)
    0x08000232   0x08000232   0x00000000   Code   RO         2295    .ARM.Collect$$libshutdown$$0000000C  c_w.l(libshutdown2.o)
    0x08000232   0x08000232   0x00000000   Code   RO         2298    .ARM.Collect$$libshutdown$$0000000F  c_w.l(libshutdown2.o)
    0x08000232   0x08000232   0x00000002   Code   RO         2299    .ARM.Collect$$libshutdown$$00000010  c_w.l(libshutdown2.o)
    0x08000234   0x08000234   0x00000000   Code   RO         1892    .ARM.Collect$$rtentry$$00000000  c_w.l(__rtentry.o)
    0x08000234   0x08000234   0x00000000   Code   RO         2127    .ARM.Collect$$rtentry$$00000002  c_w.l(__rtentry2.o)
    0x08000234   0x08000234   0x00000006   Code   RO         2139    .ARM.Collect$$rtentry$$00000004  c_w.l(__rtentry4.o)
    0x0800023a   0x0800023a   0x00000000   Code   RO         2129    .ARM.Collect$$rtentry$$00000009  c_w.l(__rtentry2.o)
    0x0800023a   0x0800023a   0x00000004   Code   RO         2130    .ARM.Collect$$rtentry$$0000000A  c_w.l(__rtentry2.o)
    0x0800023e   0x0800023e   0x00000000   Code   RO         2132    .ARM.Collect$$rtentry$$0000000C  c_w.l(__rtentry2.o)
    0x0800023e   0x0800023e   0x00000008   Code   RO         2133    .ARM.Collect$$rtentry$$0000000D  c_w.l(__rtentry2.o)
    0x08000246   0x08000246   0x00000002   Code   RO         2267    .ARM.Collect$$rtexit$$00000000  c_w.l(rtexit.o)
    0x08000248   0x08000248   0x00000000   Code   RO         2305    .ARM.Collect$$rtexit$$00000002  c_w.l(rtexit2.o)
    0x08000248   0x08000248   0x00000004   Code   RO         2306    .ARM.Collect$$rtexit$$00000003  c_w.l(rtexit2.o)
    0x0800024c   0x0800024c   0x00000006   Code   RO         2307    .ARM.Collect$$rtexit$$00000004  c_w.l(rtexit2.o)
    0x08000252   0x08000252   0x00000002   PAD
    0x08000254   0x08000254   0x00000040   Code   RO            4    .text               startup_stm32f407xx.o
    0x08000294   0x08000294   0x000000f0   Code   RO         1838    .text               c_w.l(lludivv7m.o)
    0x08000384   0x08000384   0x0000004e   Code   RO         1842    .text               c_w.l(rt_memclr_w.o)
    0x080003d2   0x080003d2   0x00000006   PAD
    0x080003d8   0x080003d8   0x0000007c   Code   RO         1844    .text               c_w.l(strcmpv7em.o)
    0x08000454   0x08000454   0x00000006   Code   RO         1846    .text               c_w.l(heapauxi.o)
    0x0800045a   0x0800045a   0x00000002   PAD
    0x0800045c   0x0800045c   0x00000008   Code   RO         2123    .text               c_w.l(libspace.o)
    0x08000464   0x08000464   0x00000002   Code   RO         2193    .text               c_w.l(use_no_semi.o)
    0x08000466   0x08000466   0x00000000   Code   RO         2195    .text               c_w.l(indicate_semi.o)
    0x08000466   0x08000466   0x0000004a   Code   RO         2196    .text               c_w.l(sys_stackheap_outer.o)
    0x080004b0   0x080004b0   0x00000012   Code   RO         2241    .text               c_w.l(exit.o)
    0x080004c2   0x080004c2   0x00000002   PAD
    0x080004c4   0x080004c4   0x0000000c   Code   RO         2263    .text               c_w.l(sys_exit.o)
    0x080004d0   0x080004d0   0x00000002   Code   RO          193    .text.BusFault_Handler  stm32f4xx_it.o
    0x080004d2   0x080004d2   0x00000002   PAD
    0x080004d4   0x080004d4   0x00000002   Code   RO          199    .text.DebugMon_Handler  stm32f4xx_it.o
    0x080004d6   0x080004d6   0x00000002   PAD
    0x080004d8   0x080004d8   0x00000008   Code   RO         1650    .text.EnableTorque  sms_sts.o
    0x080004e0   0x080004e0   0x00000006   Code   RO           15    .text.Error_Handler  main.o
    0x080004e6   0x080004e6   0x00000002   PAD
    0x080004e8   0x080004e8   0x0000013c   Code   RO          268    .text.HAL_ADC_ConfigChannel  stm32f4xx_hal_adc.o
    0x08000624   0x08000624   0x0000015c   Code   RO          226    .text.HAL_ADC_Init  stm32f4xx_hal_adc.o
    0x08000780   0x08000780   0x00000102   Code   RO           39    .text.HAL_ADC_MspInit  adc.o
    0x08000882   0x08000882   0x00000002   PAD
    0x08000884   0x08000884   0x000000f4   Code   RO          707    .text.HAL_CAN_Init  stm32f4xx_hal_can.o
    0x08000978   0x08000978   0x0000010a   Code   RO           57    .text.HAL_CAN_MspInit  can.o
    0x08000a82   0x08000a82   0x00000002   PAD
    0x08000a84   0x08000a84   0x0000008e   Code   RO          478    .text.HAL_DMA_Abort  stm32f4xx_hal_dma.o
    0x08000b12   0x08000b12   0x00000002   PAD
    0x08000b14   0x08000b14   0x00000024   Code   RO          480    .text.HAL_DMA_Abort_IT  stm32f4xx_hal_dma.o
    0x08000b38   0x08000b38   0x00000028   Code   RO          637    .text.HAL_Delay     stm32f4xx_hal.o
    0x08000b60   0x08000b60   0x0000019e   Code   RO          432    .text.HAL_GPIO_Init  stm32f4xx_hal_gpio.o
    0x08000cfe   0x08000cfe   0x00000002   PAD
    0x08000d00   0x08000d00   0x00000010   Code   RO          440    .text.HAL_GPIO_TogglePin  stm32f4xx_hal_gpio.o
    0x08000d10   0x08000d10   0x0000000a   Code   RO          438    .text.HAL_GPIO_WritePin  stm32f4xx_hal_gpio.o
    0x08000d1a   0x08000d1a   0x00000002   PAD
    0x08000d1c   0x08000d1c   0x0000000c   Code   RO          629    .text.HAL_GetTick   stm32f4xx_hal.o
    0x08000d28   0x08000d28   0x00000164   Code   RO          787    .text.HAL_I2C_Init  stm32f4xx_hal_i2c.o
    0x08000e8c   0x08000e8c   0x0000015c   Code   RO          831    .text.HAL_I2C_Mem_Write  stm32f4xx_hal_i2c.o
    0x08000fe8   0x08000fe8   0x00000110   Code   RO           76    .text.HAL_I2C_MspInit  i2c.o
    0x080010f8   0x080010f8   0x0000001a   Code   RO          627    .text.HAL_IncTick   stm32f4xx_hal.o
    0x08001112   0x08001112   0x00000002   PAD
    0x08001114   0x08001114   0x00000036   Code   RO          617    .text.HAL_Init      stm32f4xx_hal.o
    0x0800114a   0x0800114a   0x00000002   PAD
    0x0800114c   0x0800114c   0x00000048   Code   RO          619    .text.HAL_InitTick  stm32f4xx_hal.o
    0x08001194   0x08001194   0x00000038   Code   RO          218    .text.HAL_MspInit   stm32f4xx_hal_msp.o
    0x080011cc   0x080011cc   0x00000022   Code   RO          569    .text.HAL_NVIC_EnableIRQ  stm32f4xx_hal_cortex.o
    0x080011ee   0x080011ee   0x00000002   PAD
    0x080011f0   0x080011f0   0x00000056   Code   RO          567    .text.HAL_NVIC_SetPriority  stm32f4xx_hal_cortex.o
    0x08001246   0x08001246   0x00000002   PAD
    0x08001248   0x08001248   0x00000020   Code   RO          565    .text.HAL_NVIC_SetPriorityGrouping  stm32f4xx_hal_cortex.o
    0x08001268   0x08001268   0x00000164   Code   RO          326    .text.HAL_RCC_ClockConfig  stm32f4xx_hal_rcc.o
    0x080013cc   0x080013cc   0x00000026   Code   RO          338    .text.HAL_RCC_GetPCLK1Freq  stm32f4xx_hal_rcc.o
    0x080013f2   0x080013f2   0x00000002   PAD
    0x080013f4   0x080013f4   0x00000026   Code   RO          340    .text.HAL_RCC_GetPCLK2Freq  stm32f4xx_hal_rcc.o
    0x0800141a   0x0800141a   0x00000002   PAD
    0x0800141c   0x0800141c   0x00000070   Code   RO          328    .text.HAL_RCC_GetSysClockFreq  stm32f4xx_hal_rcc.o
    0x0800148c   0x0800148c   0x000003ac   Code   RO          324    .text.HAL_RCC_OscConfig  stm32f4xx_hal_rcc.o
    0x08001838   0x08001838   0x000000b0   Code   RO          926    .text.HAL_SPI_Init  stm32f4xx_hal_spi.o
    0x080018e8   0x080018e8   0x000000ae   Code   RO           92    .text.HAL_SPI_MspInit  spi.o
    0x08001996   0x08001996   0x00000002   PAD
    0x08001998   0x08001998   0x0000002c   Code   RO          577    .text.HAL_SYSTICK_Config  stm32f4xx_hal_cortex.o
    0x080019c4   0x080019c4   0x00000002   Code   RO         1345    .text.HAL_TIMEx_BreakCallback  stm32f4xx_hal_tim_ex.o
    0x080019c6   0x080019c6   0x00000002   PAD
    0x080019c8   0x080019c8   0x00000002   Code   RO         1341    .text.HAL_TIMEx_CommutCallback  stm32f4xx_hal_tim_ex.o
    0x080019ca   0x080019ca   0x00000002   PAD
    0x080019cc   0x080019cc   0x0000004c   Code   RO         1337    .text.HAL_TIMEx_ConfigBreakDeadTime  stm32f4xx_hal_tim_ex.o
    0x08001a18   0x08001a18   0x000000ba   Code   RO         1335    .text.HAL_TIMEx_MasterConfigSynchronization  stm32f4xx_hal_tim_ex.o
    0x08001ad2   0x08001ad2   0x00000002   PAD
    0x08001ad4   0x08001ad4   0x0000005a   Code   RO         1040    .text.HAL_TIM_Base_Init  stm32f4xx_hal_tim.o
    0x08001b2e   0x08001b2e   0x00000002   PAD
    0x08001b30   0x08001b30   0x0000010a   Code   RO          129    .text.HAL_TIM_Base_MspInit  tim.o
    0x08001c3a   0x08001c3a   0x00000002   PAD
    0x08001c3c   0x08001c3c   0x000001a0   Code   RO         1220    .text.HAL_TIM_ConfigClockSource  stm32f4xx_hal_tim.o
    0x08001ddc   0x08001ddc   0x000000b2   Code   RO         1154    .text.HAL_TIM_Encoder_Init  stm32f4xx_hal_tim.o
    0x08001e8e   0x08001e8e   0x00000002   PAD
    0x08001e90   0x08001e90   0x0000015a   Code   RO          127    .text.HAL_TIM_Encoder_MspInit  tim.o
    0x08001fea   0x08001fea   0x00000002   PAD
    0x08001fec   0x08001fec   0x00000002   Code   RO         1176    .text.HAL_TIM_IC_CaptureCallback  stm32f4xx_hal_tim.o
    0x08001fee   0x08001fee   0x00000002   PAD
    0x08001ff0   0x08001ff0   0x000001c6   Code   RO         1190    .text.HAL_TIM_IC_ConfigChannel  stm32f4xx_hal_tim.o
    0x080021b6   0x080021b6   0x00000002   PAD
    0x080021b8   0x080021b8   0x0000005a   Code   RO         1114    .text.HAL_TIM_IC_Init  stm32f4xx_hal_tim.o
    0x08002212   0x08002212   0x00000002   PAD
    0x08002214   0x08002214   0x00000072   Code   RO          131    .text.HAL_TIM_IC_MspInit  tim.o
    0x08002286   0x08002286   0x00000002   PAD
    0x08002288   0x08002288   0x0000014e   Code   RO         1174    .text.HAL_TIM_IRQHandler  stm32f4xx_hal_tim.o
    0x080023d6   0x080023d6   0x00000002   PAD
    0x080023d8   0x080023d8   0x000000fc   Code   RO          117    .text.HAL_TIM_MspPostInit  tim.o
    0x080024d4   0x080024d4   0x000001b4   Code   RO         1186    .text.HAL_TIM_OC_ConfigChannel  stm32f4xx_hal_tim.o
    0x08002688   0x08002688   0x00000002   Code   RO         1178    .text.HAL_TIM_OC_DelayElapsedCallback  stm32f4xx_hal_tim.o
    0x0800268a   0x0800268a   0x00000002   PAD
    0x0800268c   0x0800268c   0x0000005a   Code   RO         1068    .text.HAL_TIM_OC_Init  stm32f4xx_hal_tim.o
    0x080026e6   0x080026e6   0x00000002   PAD
    0x080026e8   0x080026e8   0x00000002   Code   RO         1070    .text.HAL_TIM_OC_MspInit  stm32f4xx_hal_tim.o
    0x080026ea   0x080026ea   0x00000002   PAD
    0x080026ec   0x080026ec   0x00000220   Code   RO         1194    .text.HAL_TIM_PWM_ConfigChannel  stm32f4xx_hal_tim.o
    0x0800290c   0x0800290c   0x0000005a   Code   RO         1094    .text.HAL_TIM_PWM_Init  stm32f4xx_hal_tim.o
    0x08002966   0x08002966   0x00000002   PAD
    0x08002968   0x08002968   0x00000002   Code   RO         1096    .text.HAL_TIM_PWM_MspInit  stm32f4xx_hal_tim.o
    0x0800296a   0x0800296a   0x00000002   PAD
    0x0800296c   0x0800296c   0x00000002   Code   RO         1180    .text.HAL_TIM_PWM_PulseFinishedCallback  stm32f4xx_hal_tim.o
    0x0800296e   0x0800296e   0x00000002   PAD
    0x08002970   0x08002970   0x00000002   Code   RO         1182    .text.HAL_TIM_PeriodElapsedCallback  stm32f4xx_hal_tim.o
    0x08002972   0x08002972   0x00000002   PAD
    0x08002974   0x08002974   0x00000002   Code   RO         1184    .text.HAL_TIM_TriggerCallback  stm32f4xx_hal_tim.o
    0x08002976   0x08002976   0x00000002   PAD
    0x08002978   0x08002978   0x00000002   Code   RO         1445    .text.HAL_UARTEx_RxEventCallback  stm32f4xx_hal_uart.o
    0x0800297a   0x0800297a   0x00000002   PAD
    0x0800297c   0x0800297c   0x00000002   Code   RO         1443    .text.HAL_UART_ErrorCallback  stm32f4xx_hal_uart.o
    0x0800297e   0x0800297e   0x00000002   PAD
    0x08002980   0x08002980   0x00000594   Code   RO         1437    .text.HAL_UART_IRQHandler  stm32f4xx_hal_uart.o
    0x08002f14   0x08002f14   0x00000060   Code   RO         1359    .text.HAL_UART_Init  stm32f4xx_hal_uart.o
    0x08002f74   0x08002f74   0x000002a2   Code   RO          169    .text.HAL_UART_MspInit  usart.o
    0x08003216   0x08003216   0x00000002   PAD
    0x08003218   0x08003218   0x00000054   Code   RO         1381    .text.HAL_UART_Receive_IT  stm32f4xx_hal_uart.o
    0x0800326c   0x0800326c   0x00000292   Code   RO         1518    .text.HAL_UART_RxCpltCallback  receive.o
    0x080034fe   0x080034fe   0x00000002   PAD
    0x08003500   0x08003500   0x00000192   Code   RO         1375    .text.HAL_UART_Transmit  stm32f4xx_hal_uart.o
    0x08003692   0x08003692   0x00000002   PAD
    0x08003694   0x08003694   0x00000002   Code   RO         1447    .text.HAL_UART_TxCpltCallback  stm32f4xx_hal_uart.o
    0x08003696   0x08003696   0x00000002   PAD
    0x08003698   0x08003698   0x00000002   Code   RO          189    .text.HardFault_Handler  stm32f4xx_it.o
    0x0800369a   0x0800369a   0x00000002   PAD
    0x0800369c   0x0800369c   0x00000008   Code   RO         1683    .text.Host2SCS      scs.o
    0x080036a4   0x080036a4   0x000000c8   Code   RO          833    .text.I2C_RequestMemoryWrite  stm32f4xx_hal_i2c.o
    0x0800376c   0x0800376c   0x000000ba   Code   RO          801    .text.I2C_WaitOnBTFFlagUntilTimeout  stm32f4xx_hal_i2c.o
    0x08003826   0x08003826   0x00000002   PAD
    0x08003828   0x08003828   0x000001ca   Code   RO          797    .text.I2C_WaitOnFlagUntilTimeout  stm32f4xx_hal_i2c.o
    0x080039f2   0x080039f2   0x00000002   PAD
    0x080039f4   0x080039f4   0x000000d6   Code   RO          915    .text.I2C_WaitOnMasterAddressFlagUntilTimeout  stm32f4xx_hal_i2c.o
    0x08003aca   0x08003aca   0x00000002   PAD
    0x08003acc   0x08003acc   0x000000ba   Code   RO          799    .text.I2C_WaitOnTXEFlagUntilTimeout  stm32f4xx_hal_i2c.o
    0x08003b86   0x08003b86   0x00000002   PAD
    0x08003b88   0x08003b88   0x0000005a   Code   RO         1502    .text.LED_Toggle    led.o
    0x08003be2   0x08003be2   0x00000002   PAD
    0x08003be4   0x08003be4   0x0000006c   Code   RO           35    .text.MX_ADC1_Init  adc.o
    0x08003c50   0x08003c50   0x0000006c   Code   RO           37    .text.MX_ADC2_Init  adc.o
    0x08003cbc   0x08003cbc   0x00000036   Code   RO           53    .text.MX_CAN1_Init  can.o
    0x08003cf2   0x08003cf2   0x00000002   PAD
    0x08003cf4   0x08003cf4   0x00000036   Code   RO           55    .text.MX_CAN2_Init  can.o
    0x08003d2a   0x08003d2a   0x00000002   PAD
    0x08003d2c   0x08003d2c   0x00000162   Code   RO           26    .text.MX_GPIO_Init  gpio.o
    0x08003e8e   0x08003e8e   0x00000002   PAD
    0x08003e90   0x08003e90   0x00000042   Code   RO           72    .text.MX_I2C1_Init  i2c.o
    0x08003ed2   0x08003ed2   0x00000002   PAD
    0x08003ed4   0x08003ed4   0x00000042   Code   RO           74    .text.MX_I2C3_Init  i2c.o
    0x08003f16   0x08003f16   0x00000002   PAD
    0x08003f18   0x08003f18   0x00000046   Code   RO           90    .text.MX_SPI2_Init  spi.o
    0x08003f5e   0x08003f5e   0x00000002   PAD
    0x08003f60   0x08003f60   0x00000082   Code   RO          121    .text.MX_TIM10_Init  tim.o
    0x08003fe2   0x08003fe2   0x00000002   PAD
    0x08003fe4   0x08003fe4   0x00000082   Code   RO          123    .text.MX_TIM11_Init  tim.o
    0x08004066   0x08004066   0x00000002   PAD
    0x08004068   0x08004068   0x000000c2   Code   RO          125    .text.MX_TIM12_Init  tim.o
    0x0800412a   0x0800412a   0x00000002   PAD
    0x0800412c   0x0800412c   0x0000006a   Code   RO          105    .text.MX_TIM1_Init  tim.o
    0x08004196   0x08004196   0x00000002   PAD
    0x08004198   0x08004198   0x00000062   Code   RO          107    .text.MX_TIM2_Init  tim.o
    0x080041fa   0x080041fa   0x00000002   PAD
    0x080041fc   0x080041fc   0x00000066   Code   RO          109    .text.MX_TIM3_Init  tim.o
    0x08004262   0x08004262   0x00000002   PAD
    0x08004264   0x08004264   0x00000066   Code   RO          111    .text.MX_TIM4_Init  tim.o
    0x080042ca   0x080042ca   0x00000002   PAD
    0x080042cc   0x080042cc   0x00000050   Code   RO          113    .text.MX_TIM6_Init  tim.o
    0x0800431c   0x0800431c   0x00000108   Code   RO          115    .text.MX_TIM8_Init  tim.o
    0x08004424   0x08004424   0x00000076   Code   RO          119    .text.MX_TIM9_Init  tim.o
    0x0800449a   0x0800449a   0x00000002   PAD
    0x0800449c   0x0800449c   0x0000003c   Code   RO          157    .text.MX_UART4_Init  usart.o
    0x080044d8   0x080044d8   0x0000003c   Code   RO          159    .text.MX_UART5_Init  usart.o
    0x08004514   0x08004514   0x0000003c   Code   RO          161    .text.MX_USART1_UART_Init  usart.o
    0x08004550   0x08004550   0x0000003c   Code   RO          163    .text.MX_USART2_UART_Init  usart.o
    0x0800458c   0x0800458c   0x0000003c   Code   RO          165    .text.MX_USART3_UART_Init  usart.o
    0x080045c8   0x080045c8   0x0000003c   Code   RO          167    .text.MX_USART6_UART_Init  usart.o
    0x08004604   0x08004604   0x00000002   Code   RO          191    .text.MemManage_Handler  stm32f4xx_it.o
    0x08004606   0x08004606   0x00000002   PAD
    0x08004608   0x08004608   0x00000002   Code   RO          187    .text.NMI_Handler   stm32f4xx_it.o
    0x0800460a   0x0800460a   0x00000002   PAD
    0x0800460c   0x0800460c   0x00000014   Code   RO         1537    .text.OLED_Clear    oled.o
    0x08004620   0x08004620   0x0000025a   Code   RO         1535    .text.OLED_Init     oled.o
    0x0800487a   0x0800487a   0x00000002   PAD
    0x0800487c   0x0800487c   0x00000050   Code   RO         1557    .text.OLED_ShowChar  oled.o
    0x080048cc   0x080048cc   0x0000010a   Code   RO         1567    .text.OLED_ShowHexNum  oled.o
    0x080049d6   0x080049d6   0x00000002   PAD
    0x080049d8   0x080049d8   0x000005f8   Code   RO         1559    .text.OLED_ShowImage  oled.o
    0x08004fd0   0x08004fd0   0x000001de   Code   RO         1561    .text.OLED_ShowString  oled.o
    0x080051ae   0x080051ae   0x00000002   PAD
    0x080051b0   0x080051b0   0x000002f4   Code   RO         1609    .text.OLED_ShowVision  oled_ui.o
    0x080054a4   0x080054a4   0x000000a0   Code   RO         1539    .text.OLED_Update   oled.o
    0x08005544   0x08005544   0x00000002   Code   RO          201    .text.PendSV_Handler  stm32f4xx_it.o
    0x08005546   0x08005546   0x00000002   PAD
    0x08005548   0x08005548   0x00000002   Code   RO          197    .text.SVC_Handler   stm32f4xx_it.o
    0x0800554a   0x0800554a   0x00000002   PAD
    0x0800554c   0x0800554c   0x000000c4   Code   RO         1622    .text.Servo_PID_Init  pid.o
    0x08005610   0x08005610   0x00000228   Code   RO         1624    .text.Servo_PID_Update  pid.o
    0x08005838   0x08005838   0x00000004   Code   RO          203    .text.SysTick_Handler  stm32f4xx_it.o
    0x0800583c   0x0800583c   0x000000ac   Code   RO           13    .text.SystemClock_Config  main.o
    0x080058e8   0x080058e8   0x00000012   Code   RO         1481    .text.SystemInit    system_stm32f4xx.o
    0x080058fa   0x080058fa   0x00000002   PAD
    0x080058fc   0x080058fc   0x0000000c   Code   RO          209    .text.TIM6_DAC_IRQHandler  stm32f4xx_it.o
    0x08005908   0x08005908   0x0000013a   Code   RO         1044    .text.TIM_Base_SetConfig  stm32f4xx_hal_tim.o
    0x08005a42   0x08005a42   0x00000002   PAD
    0x08005a44   0x08005a44   0x0000000c   Code   RO          207    .text.UART4_IRQHandler  stm32f4xx_it.o
    0x08005a50   0x08005a50   0x0000000a   Code   RO         1441    .text.UART_DMAAbortOnError  stm32f4xx_hal_uart.o
    0x08005a5a   0x08005a5a   0x00000002   PAD
    0x08005a5c   0x08005a5c   0x000000fe   Code   RO         1439    .text.UART_Receive_IT  stm32f4xx_hal_uart.o
    0x08005b5a   0x08005b5a   0x00000002   PAD
    0x08005b5c   0x08005b5c   0x000000e6   Code   RO         1363    .text.UART_SetConfig  stm32f4xx_hal_uart.o
    0x08005c42   0x08005c42   0x00000002   PAD
    0x08005c44   0x08005c44   0x0000000c   Code   RO          205    .text.USART2_IRQHandler  stm32f4xx_it.o
    0x08005c50   0x08005c50   0x00000010   Code   RO         1759    .text.Uart_Flush    uart.o
    0x08005c60   0x08005c60   0x0000003a   Code   RO         1761    .text.Uart_Read     uart.o
    0x08005c9a   0x08005c9a   0x00000002   PAD
    0x08005c9c   0x08005c9c   0x00000022   Code   RO         1763    .text.Uart_Send     uart.o
    0x08005cbe   0x08005cbe   0x00000002   PAD
    0x08005cc0   0x08005cc0   0x00000002   Code   RO          195    .text.UsageFault_Handler  stm32f4xx_it.o
    0x08005cc2   0x08005cc2   0x00000002   PAD
    0x08005cc4   0x08005cc4   0x0000002c   Code   RO         1514    .text.Vision_UART_Init  receive.o
    0x08005cf0   0x08005cf0   0x00000050   Code   RO         1638    .text.WritePosEx    sms_sts.o
    0x08005d40   0x08005d40   0x00000126   Code   RO         1705    .text.checkHead     scs.o
    0x08005e66   0x08005e66   0x00000002   PAD
    0x08005e68   0x08005e68   0x00000144   Code   RO         1689    .text.genWrite      scs.o
    0x08005fac   0x08005fac   0x00000100   Code   RO           11    .text.main          main.o
    0x080060ac   0x080060ac   0x00000004   Code   RO         1744    .text.rFlushSCS     scservo.o
    0x080060b0   0x080060b0   0x00000070   Code   RO         1736    .text.readSCS       scservo.o
    0x08006120   0x08006120   0x00000024   Code   RO         1746    .text.wFlushSCS     scservo.o
    0x08006144   0x08006144   0x000000a6   Code   RO         1699    .text.writeByte     scs.o
    0x080061ea   0x080061ea   0x00000002   PAD
    0x080061ec   0x080061ec   0x00000106   Code   RO         1738    .text.writeSCS      scservo.o
    0x080062f2   0x080062f2   0x0000001a   Code   RO         2187    x$fpl$fpinit        fz_wm.l(fpinit.o)
    0x0800630c   0x0800630c   0x00000010   Data   RO         1486    .rodata.AHBPrescTable  system_stm32f4xx.o
    0x0800631c   0x0800631c   0x00000008   Data   RO         1487    .rodata.APBPrescTable  system_stm32f4xx.o
    0x08006324   0x08006324   0x00000103   Data   RO         1602    .rodata.OLED_CF16x16  oled_data.o
    0x08006427   0x08006427   0x0000023a   Data   RO         1601    .rodata.OLED_F6x8   oled_data.o
    0x08006661   0x08006661   0x000005f0   Data   RO         1600    .rodata.OLED_F8x16  oled_data.o
    0x08006c51   0x08006c51   0x00000003   PAD
    0x08006c54   0x08006c54   0x00000020   Data   RO         2333    Region$$Table       anon$$obj.o


    Execution Region RW_IRAM1 (Exec base: 0x20000000, Load base: 0x08006c78, Size: 0x00001268, Max: 0x0001c000, ABSOLUTE)

    Exec Addr    Load Addr    Size         Type   Attr      Idx    E Section Name        Object

    0x20000000   0x08006c78   0x00000008   Data   RW          672    .data..L_MergedGlobals  stm32f4xx_hal.o
    0x20000008   0x08006c80   0x00000008   Data   RW         1626    .data..L_MergedGlobals  pid.o
    0x20000010   0x08006c88   0x00000004   Data   RW         1748    .data.IOTimeOut     scservo.o
    0x20000014   0x08006c8c   0x00000004   Data   RW         1485    .data.SystemCoreClock  system_stm32f4xx.o
    0x20000018        -       0x00000060   Zero   RW         2124    .bss                c_w.l(libspace.o)
    0x20000078        -       0x0000001c   Zero   RW         1520    .bss..L_MergedGlobals  receive.o
    0x20000094        -       0x00000008   Zero   RW         1766    .bss..L_MergedGlobals  uart.o
    0x2000009c        -       0x00000060   Zero   RW         1627    .bss..L_MergedGlobals.1  pid.o
    0x200000fc        -       0x00000004   Zero   RW           63    .bss.HAL_RCC_CAN1_CLK_ENABLED  can.o
    0x20000100        -       0x00000400   Zero   RW         1591    .bss.OLED_DisplayBuf  oled.o
    0x20000500        -       0x00000048   Zero   RW           43    .bss.hadc1          adc.o
    0x20000548        -       0x00000048   Zero   RW           44    .bss.hadc2          adc.o
    0x20000590        -       0x00000028   Zero   RW           61    .bss.hcan1          can.o
    0x200005b8        -       0x00000028   Zero   RW           62    .bss.hcan2          can.o
    0x200005e0        -       0x00000054   Zero   RW           80    .bss.hi2c1          i2c.o
    0x20000634        -       0x00000054   Zero   RW           81    .bss.hi2c3          i2c.o
    0x20000688        -       0x00000058   Zero   RW           96    .bss.hspi2          spi.o
    0x200006e0        -       0x00000048   Zero   RW          139    .bss.htim1          tim.o
    0x20000728        -       0x00000048   Zero   RW          146    .bss.htim10         tim.o
    0x20000770        -       0x00000048   Zero   RW          147    .bss.htim11         tim.o
    0x200007b8        -       0x00000048   Zero   RW          148    .bss.htim12         tim.o
    0x20000800        -       0x00000048   Zero   RW          140    .bss.htim2          tim.o
    0x20000848        -       0x00000048   Zero   RW          141    .bss.htim3          tim.o
    0x20000890        -       0x00000048   Zero   RW          142    .bss.htim4          tim.o
    0x200008d8        -       0x00000048   Zero   RW          143    .bss.htim6          tim.o
    0x20000920        -       0x00000048   Zero   RW          144    .bss.htim8          tim.o
    0x20000968        -       0x00000048   Zero   RW          145    .bss.htim9          tim.o
    0x200009b0        -       0x00000048   Zero   RW          175    .bss.huart1         usart.o
    0x200009f8        -       0x00000048   Zero   RW          176    .bss.huart2         usart.o
    0x20000a40        -       0x00000048   Zero   RW          177    .bss.huart3         usart.o
    0x20000a88        -       0x00000048   Zero   RW          173    .bss.huart4         usart.o
    0x20000ad0        -       0x00000048   Zero   RW          174    .bss.huart5         usart.o
    0x20000b18        -       0x00000048   Zero   RW          178    .bss.huart6         usart.o
    0x20000b60        -       0x00000080   Zero   RW         1765    .bss.uartBuf        uart.o
    0x20000be0        -       0x00000004   Zero   RW          671    .bss.uwTick         stm32f4xx_hal.o
    0x20000be4        -       0x00000080   Zero   RW         1750    .bss.wBuf           scservo.o
    0x20000c64        -       0x00000001   Zero   RW         1749    .bss.wLen           scservo.o
    0x20000c65   0x08006c90   0x00000003   PAD
    0x20000c68        -       0x00000200   Zero   RW            2    HEAP                startup_stm32f407xx.o
    0x20000e68        -       0x00000400   Zero   RW            1    STACK               startup_stm32f407xx.o


    Execution Region RW_IRAM2 (Exec base: 0x2001c000, Load base: 0x08006c90, Size: 0x00000000, Max: 0x00004000, ABSOLUTE)

    **** No section assigned to this execution region ****


==============================================================================

Image component sizes


      Code (inc. data)   RO Data    RW Data    ZI Data      Debug   Object Name

       474          0          0          0        144       5956   adc.o
       374          0          0          0         84       5014   can.o
       354          0          0          0          0       2353   gpio.o
       404          0          0          0        168       5594   i2c.o
        90          4          0          0          0       2295   led.o
       434         12          0          0          0       3458   main.o
      3134          0          0          0       1024      51820   oled.o
         0          0       2349          0          0        836   oled_data.o
       756         16          0          0          0       2553   oled_ui.o
       748         20          0          8         96       3091   pid.o
       702          0          0          0         28       8085   receive.o
       792          0          0          0          0      14421   scs.o
       414          0          0          4        129       3067   scservo.o
        88          0          0          0          0       6415   sms_sts.o
       244          0          0          0         88       5177   spi.o
        64         26        392          0       1536        852   startup_stm32f407xx.o
       204          0          0          8          4       7341   stm32f4xx_hal.o
       664          0          0          0          0      12295   stm32f4xx_hal_adc.o
       244          0          0          0          0      14090   stm32f4xx_hal_can.o
       196          0          0          0          0      10759   stm32f4xx_hal_cortex.o
       178          0          0          0          0      10607   stm32f4xx_hal_dma.o
       440          0          0          0          0       5469   stm32f4xx_hal_gpio.o
      1948          0          0          0          0      44630   stm32f4xx_hal_i2c.o
        56          0          0          0          0       1488   stm32f4xx_hal_msp.o
      1484          4          0          0          0       7668   stm32f4xx_hal_rcc.o
       176          0          0          0          0      26264   stm32f4xx_hal_spi.o
      3050         14          0          0          0      58520   stm32f4xx_hal_tim.o
       266          0          0          0          0      21967   stm32f4xx_hal_tim_ex.o
      2510          0          0          0          0      32835   stm32f4xx_hal_uart.o
        56          0          0          0          0       5878   stm32f4xx_it.o
        18          0         24          4          0       2630   system_stm32f4xx.o
      2302          0          0          0        720      15328   tim.o
       108          0          0          0        136       4059   uart.o
      1034          0          0          0        432       8560   usart.o

    ----------------------------------------------------------------------
     24162         96       2800         24       4592     411375   Object Totals
         0          0         32          0          0          0   (incl. Generated)
       156          0          3          0          3          0   (incl. Padding)

    ----------------------------------------------------------------------

      Code (inc. data)   RO Data    RW Data    ZI Data      Debug   Library Member Name

         8          0          0          0          0         68   __main.o
         0          0          0          0          0          0   __rtentry.o
        12          0          0          0          0          0   __rtentry2.o
         6          0          0          0          0          0   __rtentry4.o
        94          8          0          0          0          0   __scatter.o
        26          0          0          0          0          0   __scatter_copy.o
        28          0          0          0          0          0   __scatter_zi.o
        18          0          0          0          0         80   exit.o
         6          0          0          0          0        152   heapauxi.o
         0          0          0          0          0          0   indicate_semi.o
         2          0          0          0          0          0   libinit.o
         6          0          0          0          0          0   libinit2.o
         2          0          0          0          0          0   libshutdown.o
         2          0          0          0          0          0   libshutdown2.o
         8          4          0          0         96         68   libspace.o
       240          0          0          0          0        100   lludivv7m.o
        78          0          0          0          0         80   rt_memclr_w.o
         2          0          0          0          0          0   rtexit.o
        10          0          0          0          0          0   rtexit2.o
       124          0          0          0          0         88   strcmpv7em.o
        12          4          0          0          0         68   sys_exit.o
        74          0          0          0          0         80   sys_stackheap_outer.o
         2          0          0          0          0         68   use_no_semi.o
        26          0          0          0          0        116   fpinit.o

    ----------------------------------------------------------------------
       802         16          0          0         96        968   Library Totals
        16          0          0          0          0          0   (incl. Padding)

    ----------------------------------------------------------------------

      Code (inc. data)   RO Data    RW Data    ZI Data      Debug   Library Name

       760         16          0          0         96        852   c_w.l
        26          0          0          0          0        116   fz_wm.l

    ----------------------------------------------------------------------
       802         16          0          0         96        968   Library Totals

    ----------------------------------------------------------------------

==============================================================================


      Code (inc. data)   RO Data    RW Data    ZI Data      Debug   

     24964        112       2800         24       4688     411479   Grand Totals
     24964        112       2800         24       4688     411479   ELF Image Totals
     24964        112       2800         24          0          0   ROM Totals

==============================================================================

    Total RO  Size (Code + RO Data)                27764 (  27.11kB)
    Total RW  Size (RW Data + ZI Data)              4712 (   4.60kB)
    Total ROM Size (Code + RO Data + RW Data)      27788 (  27.14kB)

==============================================================================

